════════════════════════════════════════════════════════════════
C1 规则容量：预测准确率 vs 教学规则数 E（annealed 读出，无查询学习）
════════════════════════════════════════════════════════════════

真理结构：mod-8（对抗性，不可插值）
   E      taught 准确率     heldout 准确率     单查询ms
   8           87.5%            8.0%      1.27
  16           62.5%            8.3%      1.03
  24           37.5%            0.0%      1.12
  32           35.9%            0.0%      1.13
  48           19.8%            0.0%      0.98
  64           12.5%            0.0%      1.02

真理结构：平滑可加（out=min(7,f1+f2)）
   E      taught 准确率     heldout 准确率     单查询ms
   8           50.0%           20.5%      1.03
  16           56.3%           30.2%      1.09
  24           50.0%           46.3%      1.08
  32           60.9%           50.0%      1.10
  48           56.3%           56.3%      1.16
  64           56.3%            0.0%      1.19
参照 E=32 且 G=0（断侧重，mod-8）：总准确率 0.0%
