
────────────────────────────────────────────────────────────────
网络：16 个神经元，Ea=1（启动能耗），Em=0.5（维持能耗），阈值 θ=Ea+Em=1.5
────────────────────────────────────────────────────────────────

────────────────────────────────────────────────────────────────
① 能耗记账：静息 0 耗能；启动收 Ea；维持每步收 Em
────────────────────────────────────────────────────────────────
全静息模式能量 = 0（要求 1）
神经元 5 从静息激活：累计启动能耗 = 1（= Ea，要求 2）
再维持 3 步：累计维持能耗 = 1.5（= 3×Em，要求 3）
熄灭后回到静息，本步不计费；当前激活集合 = []

────────────────────────────────────────────────────────────────
② 赫布学习：教师呈现两个模式，观察模式能量随连接增强而下降
────────────────────────────────────────────────────────────────
学习前，模式 A 的能量 = 6.00
第 1 轮共激活后：模式 A 能量 = 5.40（连接 0.1，要求 6）
第 2 轮共激活后：模式 A 能量 = 4.80（连接 0.2，要求 6）
第 3 轮共激活后：模式 A 能量 = 4.20（连接 0.3，要求 6）
第 4 轮共激活后：模式 A 能量 = 3.60（连接 0.4，要求 6）
第 5 轮共激活后：模式 A 能量 = 3.00（连接 0.5，要求 6）
第 6 轮共激活后：模式 A 能量 = 2.40（连接 0.6，要求 6）
第 7 轮共激活后：模式 A 能量 = 1.80（连接 0.7，要求 6）
第 8 轮共激活后：模式 A 能量 = 1.20（连接 0.8，要求 6）
峰边 (0,1)、(10,11) 额外加强至 1.0（簇内其余边保持 0.8）

────────────────────────────────────────────────────────────────
③ 势阱检测：不相邻极大值的 0.8 邻域（要求 8）
────────────────────────────────────────────────────────────────
势阱 0：峰边 (0,1) 强度 1.00，成员神经元 [0,1,2,3] → 教师标签「猫」
势阱 1：峰边 (10,11) 强度 1.00，成员神经元 [10,11,12,13] → 教师标签「狗」

────────────────────────────────────────────────────────────────
④ 新输入 [0,2]（「猫」模式的一部分）：只看局部规律，能量单调下降到极小
────────────────────────────────────────────────────────────────
  E =    2.20 （初始：钳制 0、2）
  E =    1.90 （第 1 次翻转后）
  E =    1.00 （第 2 次翻转后）
收敛激活模式 = [0,1,2,3]（要求 5：其余神经元保持静息）
枚举全部 2^16 个满足约束的模式验证：全局最小 = 1.00，与收敛结果一致（要求 7、10）

────────────────────────────────────────────────────────────────
⑤ 读出：识别激活模式中被激活的势阱并读出标签（要求 9）
────────────────────────────────────────────────────────────────
  势阱 0 激活率 100% → 标签「猫」

────────────────────────────────────────────────────────────────
⑥ 对照：输入同时触及两簇 [0,2,10,12] 与未触及任何势阱 [5,6]
────────────────────────────────────────────────────────────────
输入 [0,2,10,12] → 激活 [0,1,2,3,10,11,12,13] → 标签 [猫、狗]
输入 [5,6] → 激活 [5,6] → 标签 []（无势阱被激活）


────────────────────────────────────────────────────────────────
⑦ 局部退火：只在输入所及的候选集内翻越势垒
────────────────────────────────────────────────────────────────
势阱 A={0,1,2}：从 {0} 单翻激活 1 或 2 都是 +1.0 上坡（协同势垒），联合激活才更省
势阱 B={5..9}：与输入不相干的负能耗势阱（E=−1.2），无约束全局最小会点燃它
检测到 2 个势阱：{0,1,2}、{5,6,7,8,9}

贪心 settle([0]) → 激活 [0]，E=3.00（被协同势垒挡住）
局部退火（seed=7）→ 候选集 C=[0,1,2]，上坡翻转 93/1200 次
能量：初始（静息+钳制）3.00 → 退火末 2.80 → 淬火后 2.80
最终激活 [0,1,2]（翻越势垒，落入势阱 A）
枚举验证：C 内最小 = 2.80（退火命中）；无约束全局最小 = 1.60（语义上不该取）

多种子复跑（势阱 B 必须永远静默）：
  seed=1: [0,1,2] E=2.80
  seed=2: [0,1,2] E=2.80
  seed=3: [0,1,2] E=2.80
  seed=4: [0,1,2] E=2.80
  seed=5: [0,1,2] E=2.80

