
────────────────────────────────────────────────────────────────
① 对称关联（W）与有向通道（D）是两种机制
────────────────────────────────────────────────────────────────
学习三个势阱 A/B/C 后：W(0,1)=1.00，D(0→8)=0（尚未时序学习）
时序学习 [A,B,C] ×7 后：D(0→8)=0.70，D(8→16)=0.70
反方向：D(8→0)=0，D(16→8)=0（单向通道）

────────────────────────────────────────────────────────────────
② 捕获 → 噪声推动的链式转移 A→B→C（T=0.15，β=0.5，κ=0.05）
────────────────────────────────────────────────────────────────
输入线索 [0,2] → settle 捕获势阱 A：激活 [0,1,2,3]
主导势阱时间线（每格 1 步，· = 无占优）：
    0 |AAAAAAAAAAAAAAAABCCC····················|
   40 |········································|
   80 |········································|
  120 |·|
转移事件：A→B@1，B→C@2
有向驱动做功 = 10.50，接受翻转 22 次（其中上坡 8 次）
结束时激活集合 = []（疲劳交接完毕，归于静息）

────────────────────────────────────────────────────────────────
③ 统计：10 个种子的有序链命中率
────────────────────────────────────────────────────────────────
  seed= 1  ✓  A→B,B→C
  seed= 2  ✓  A→B,B→C
  seed= 3  ✗  A→B,A→C
  seed= 4  ✓  A→B,B→C
  seed= 5  ✓  A→B,B→C
  seed= 6  ✓  A→B,B→C
  seed= 7  ✓  A→B,B→C
  seed= 8  ✓  A→B,B→C
  seed= 9  ✓  A→B,B→C
  seed=10  ✓  A→B,B→C
有序 A→B→C：9/10

────────────────────────────────────────────────────────────────
④ 对照：无噪声 / 无驱动 / 无疲劳
────────────────────────────────────────────────────────────────
无噪声（T=0）：转移事件 0 个，结束激活 [] —— 驱动只压势垒不归零，没有噪声无人点火，A 疲劳后归于静息
无驱动（β=0）：转移事件 0 个 —— 单个噪声点火会立即熄灭，无法级联成簇
无疲劳（κ=0）：结束激活含势阱成员 [AAAABBBBCCCC] —— 旧势阱不崩塌，三者共存而非转移

