════════════════════════════════════════════════════════════════════════
M3 阶段 A 验收：陌生电路场景，零规则起步，自主控制变量探索
════════════════════════════════════════════════════════════════════════
网络：条件 64 + 结果 24 + 核区 384×4 + 池 2 = 1626 神经元（核按需分配）；动作空间 = Hamming-1 前沿（方法先验躯体化）；择选 = NeuralFocusNet WTA
真值影响因素：[switch,voltage,resistance,temperature]；干扰因素：material；门控：亮 = 闭合 AND 有压（合取，新形态）

── 种子 1 ──
终止：实验 50 次（穷举基线 288），规则核 50 条，耗时 0.3 分钟；判定：未知 30 / 偏差 3 / 符合 17
R2 发现的影响因素：[resistance,switch,temperature,voltage]（真值：[switch,voltage,resistance,temperature]，干扰 material 应缺席）
  轨迹（前 20 步 + 全部偏差）：
    #  0 [1,2,2,1,1] 预测 {} → 观察 {"lit":1,"brightness":2}  unknown-change（驱动 2.0，候选 0，核 1）
    #  1 [1,2,2,0,1] 预测 {"lit":null,"brightness":null} → 观察 {"lit":1,"brightness":2}  unknown-change（驱动 0.4，候选 11，核 2）
    #  2 [1,1,2,0,1] 预测 {"lit":null,"brightness":null} → 观察 {"lit":1,"brightness":0}  unknown-change（驱动 0.4，候选 19，核 3）
    #  3 [1,2,1,1,1] 预测 {"lit":1,"brightness":null} → 观察 {"lit":1,"brightness":3}  unknown-change（驱动 0.4，候选 25，核 4）
    #  4 [1,1,1,0,1] 预测 {"lit":null,"brightness":null} → 观察 {"lit":1,"brightness":1}  unknown-change（驱动 2.0，候选 31，核 5）
    #  5 [1,0,2,1,1] 预测 {"lit":null,"brightness":null} → 观察 {"lit":0,"brightness":0}  unknown-change（驱动 0.4，候选 36，核 6）
    #  6 [1,0,1,1,1] 预测 {"lit":null,"brightness":null} → 观察 {"lit":0,"brightness":0}  unknown-change（驱动 2.0，候选 41，核 7）
    #  7 [1,1,1,1,1] 预测 {"lit":1,"brightness":null} → 观察 {"lit":1,"brightness":2}  unknown-change（驱动 0.4，候选 44，核 8）
    #  8 [1,0,2,2,1] 预测 {"lit":null,"brightness":0} → 观察 {"lit":0,"brightness":0}  unknown-change（驱动 0.4，候选 48，核 9）
    #  9 [1,0,2,0,1] 预测 {"lit":null,"brightness":null} → 观察 {"lit":0,"brightness":0}  unknown-change（驱动 2.0，候选 53，核 10）
    # 10 [1,1,2,1,1] 预测 {"lit":null,"brightness":null} → 观察 {"lit":1,"brightness":1}  unknown-change（驱动 2.0，候选 57，核 11）
    # 11 [1,2,2,2,1] 预测 {"lit":null,"brightness":null} → 观察 {"lit":1,"brightness":3}  unknown-change（驱动 2.0，候选 59，核 12）
    # 12 [1,1,2,2,1] 预测 {"lit":null,"brightness":null} → 观察 {"lit":1,"brightness":1}  unknown-change（驱动 2.0，候选 63，核 13）
    # 13 [1,0,1,0,1] 预测 {"lit":null,"brightness":null} → 观察 {"lit":0,"brightness":0}  unknown-change（驱动 2.0，候选 67，核 14）
    # 14 [1,1,1,2,1] 预测 {"lit":null,"brightness":null} → 观察 {"lit":1,"brightness":2}  unknown-change（驱动 2.0，候选 69，核 15）
    # 15 [1,0,1,2,1] 预测 {"lit":null,"brightness":null} → 观察 {"lit":0,"brightness":0}  unknown-change（驱动 2.0，候选 72，核 16）
    # 16 [1,2,1,1,2] 预测 {"lit":1,"brightness":null} → 观察 {"lit":1,"brightness":3}  unknown-change（驱动 0.4，候选 74，核 17）
    # 17 [1,2,1,0,1] 预测 {"lit":null,"brightness":null} → 观察 {"lit":1,"brightness":2}  unknown-change（驱动 2.0，候选 79，核 18）
    # 18 [1,2,1,2,1] 预测 {"lit":null,"brightness":null} → 观察 {"lit":1,"brightness":3}  unknown-change（驱动 2.0，候选 80，核 19）
    # 19 [1,1,2,1,0] 预测 {"lit":1,"brightness":1} → 观察 {"lit":1,"brightness":1}  within-envelope（驱动 0.4，候选 81，核 20）
    # 20 [1,3,1,2,1] 预测 {"lit":1,"brightness":2} → 观察 {"lit":1,"brightness":3}  prediction-violation（驱动 0.4，候选 84，核 21）
    # 26 [0,2,2,1,1] 预测 {"lit":1,"brightness":2} → 观察 {"lit":0,"brightness":0}  prediction-violation（驱动 0.4，候选 100，核 27）
    # 27 [0,2,1,1,1] 预测 {"lit":1,"brightness":3} → 观察 {"lit":0,"brightness":0}  prediction-violation（驱动 1.0，候选 103，核 28）
    self-taught 细粒度 50/50（100.0%）  粗粒度亮灭 100.0%
    gate-off    细粒度 122/156（78.2%）  粗粒度亮灭 78.2%
    heldout     细粒度 52/82（63.4%）  粗粒度亮灭 100.0%
    总计       细粒度 224/288（77.8%）  粗粒度 88.2%
