
── 种子 2 ──
终止：实验 103 次（语料相 21 + 全机器相 82；穷举基线 432），规则核 74 条，耗时 0.9 分钟；判定：未知 62 / 偏差 12 / 符合 29
  概念形成（由自己的实验史结晶）：
    switchPos   3 个概念，中心=[0.1, 0.5, 0.9]
    voltage     4 个概念，中心=[0.3, 1.2, 2.1, 2.85]
    resistance  3 个概念，中心=[0.3, 2.1, 2.85]
    temperature 3 个概念，中心=[0.3, 1, 1.7]
    material    3 个概念，中心=[0.3, 1, 1.7]
    lit         2 个概念，中心=[0.05, 0.95]
    brightness  2 个概念，中心=[1.09, 2.63]
  R2 发现的影响因素：[resistance,switchPos,temperature,voltage]（真值：[switchPos,voltage,resistance,temperature]，干扰 material 应缺席）
  轨迹（前 15 步 + 相切换 + 全部偏差）：
    #  0 [语] [0.5,2.1,2.1,1,1] 预测lit=∅ → 观察 {"lit":1,"brightness":2.55}  unknown-change（驱动 2.0，候选 0，核 1）
    #  1 [语] [0.5,2.1,0.3,1,1] 预测lit=0.95 → 观察 {"lit":1,"brightness":3}  within-envelope（驱动 0.4，候选 12，核 1）
    #  2 [语] [0.5,2.1,3,1,1] 预测lit=0.95 → 观察 {"lit":1,"brightness":1.875}  prediction-violation（驱动 0.4，候选 20，核 2）
    #  3 [语] [0.5,0.3,3,1,1] 预测lit=0.95 → 观察 {"lit":0,"brightness":0}  prediction-violation（驱动 1.0，候选 28，核 3）
    #  4 [语] [0.5,1.2,3,1,1] 预测lit=0.95 → 观察 {"lit":1,"brightness":0.75}  prediction-violation（驱动 1.3，候选 34，核 4）
    #  5 [语] [0.5,3,3,1,1] 预测lit=0.95 → 观察 {"lit":1,"brightness":3}  within-envelope（驱动 1.4，候选 40，核 4）
    #  6 [语] [0.5,1.2,3,0.3,1] 预测lit=0.95 → 观察 {"lit":1,"brightness":0.4}  within-envelope（驱动 0.7，候选 46，核 4）
    #  7 [语] [0.5,1.2,3,1,0.3] 预测lit=0.95 → 观察 {"lit":1,"brightness":0.75}  within-envelope（驱动 0.6，候选 52，核 4）
    #  8 [语] [0.5,1.2,3,1.7,1] 预测lit=0.95 → 观察 {"lit":1,"brightness":1.1}  within-envelope（驱动 0.5，候选 57，核 4）
    #  9 [语] [0.5,2.1,3,0.3,1] 预测lit=0.95 → 观察 {"lit":1,"brightness":1.525}  within-envelope（驱动 0.4，候选 62，核 4）
    # 10 [语] [0.5,2.1,3,0.3,1.7] 预测lit=0.95 → 观察 {"lit":1,"brightness":1.525}  within-envelope（驱动 0.4，候选 66，核 4）
    # 11 [语] [0.5,2.1,2.1,1,1.7] 预测lit=0.95 → 观察 {"lit":1,"brightness":2.55}  within-envelope（驱动 0.4，候选 73，核 4）
    # 12 [语] [0.1,2.1,0.3,1,1] 预测lit=0.95 → 观察 {"lit":0,"brightness":0}  prediction-violation（驱动 0.4，候选 79，核 5）
    # 13 [语] [0.9,2.1,0.3,1,1] 预测lit=0.95 → 观察 {"lit":1,"brightness":3}  prediction-violation（驱动 1.0，候选 86，核 6）
    # 14 [语] [0.9,3,0.3,1,1] 预测lit=0.049999999999999996 → 观察 {"lit":1,"brightness":3}  prediction-violation（驱动 1.0，候选 93，核 7）
    # 16 [语] [0.9,0.3,0.3,1,1] 预测lit=0.95 → 观察 {"lit":0,"brightness":0}  prediction-violation（驱动 0.8，候选 103，核 8）
    # 21 [全] [0.1,0.3,3,1,1] 预测lit=∅ → 观察 {"lit":0,"brightness":0}  unknown-change（驱动 2.0，候选 123，核 9） ◄── 概念形成完成
    # 81 [全] [0.5,2.1,0.3,0.3,1] 预测lit=0.95 → 观察 {"lit":1,"brightness":3}  prediction-violation（驱动 0.4，候选 278，核 69）
    # 83 [全] [0.5,2.1,2.1,0.3,1] 预测lit=0.95 → 观察 {"lit":1,"brightness":2.1999999999999997}  prediction-violation（驱动 0.7，候选 277，核 70）
    # 91 [全] [0.5,2.1,3,1.7,1] 预测lit=0.95 → 观察 {"lit":1,"brightness":2.225}  prediction-violation（驱动 0.4，候选 276，核 72）
    # 93 [全] [0.5,2.1,3,1.7,0.3] 预测lit=0.9375 → 观察 {"lit":1,"brightness":2.225}  prediction-violation（驱动 0.7，候选 274，核 73）
    # 94 [全] [0.5,3,3,1.7,0.3] 预测lit=0.95 → 观察 {"lit":1,"brightness":3}  prediction-violation（驱动 1.0，候选 273，核 74）
    …评分进度 96/432
    …评分进度 192/432
    …评分进度 288/432
    …评分进度 384/432
    self-taught 细粒度 91/103（88.3%）  粗粒度亮灭 98.1%
    gate-off    细粒度 163/167（97.6%）  粗粒度亮灭 97.6%
    heldout     细粒度 109/162（67.3%）  粗粒度亮灭 95.7%
    总计       细粒度 363/432（84.0%）  粗粒度 97.0%
