
── 种子 1 ──
终止：实验 130 次（语料相 34 + 全机器相 96；穷举基线 432），规则核 85 条，耗时 1.8 分钟；判定：未知 53 / 偏差 32 / 符合 45
  概念形成（由自己的实验史结晶）：
    switchPos   3 个概念，中心=[0.1, 0.5, 0.9]
    voltage     4 个概念，中心=[0.3, 1.2, 2.1, 2.85]
    resistance  3 个概念，中心=[0.3, 1.2, 2.1]
    temperature 3 个概念，中心=[0.3, 1, 1.7]
    material    3 个概念，中心=[0.3, 1, 1.7]
    lit         2 个概念，中心=[0.05, 0.95]
    brightness  2 个概念，中心=[0.15, 1.88]
  R2 发现的影响因素：[resistance,switchPos,temperature,voltage]（真值：[switchPos,voltage,resistance,temperature]，干扰 material 应缺席）
  轨迹（前 15 步 + 相切换 + 全部偏差）：
    #  0 [语] [0.5,2.1,2.1,1,1] 预测lit=∅ → 观察 {"lit":1,"brightness":2.55}  unknown-change（驱动 2.0，候选 0，核 1）
    #  1 [语] [0.5,1.2,2.1,1,1] 预测lit=0.95 → 观察 {"lit":1,"brightness":1.4249999999999998}  prediction-violation（驱动 0.4，候选 12，核 2）
    #  2 [语] [0.5,3,2.1,1,1] 预测lit=0.95 → 观察 {"lit":1,"brightness":3}  prediction-violation（驱动 1.0，候选 20，核 3）
    #  3 [语] [0.5,0.3,2.1,1,1] 预测lit=0.95 → 观察 {"lit":0,"brightness":0}  prediction-violation（驱动 1.3，候选 28，核 4）
    #  4 [语] [0.5,0.3,2.1,0.3,1] 预测lit=0.95 → 观察 {"lit":0,"brightness":0}  prediction-violation（驱动 1.0，候选 36，核 5）
    #  5 [语] [0.5,0.3,2.1,1.7,1] 预测lit=0.95 → 观察 {"lit":0,"brightness":0}  prediction-violation（驱动 1.3，候选 42，核 6）
    #  6 [语] [0.5,1.2,2.1,1.7,1] 预测lit=0.95 → 观察 {"lit":1,"brightness":1.775}  prediction-violation（驱动 1.0，候选 48，核 7）
    #  7 [语] [0.5,3,2.1,1.7,1] 预测lit=0.95 → 观察 {"lit":1,"brightness":3}  prediction-violation（驱动 1.3，候选 54，核 8）
    #  8 [语] [0.5,2.1,2.1,1.7,1] 预测lit=0.049999999999999996 → 观察 {"lit":1,"brightness":2.9}  prediction-violation（驱动 1.4，候选 60，核 9）
    #  9 [语] [0.5,2.1,2.1,0.3,1] 预测lit=0.049999999999999996 → 观察 {"lit":1,"brightness":2.1999999999999997}  prediction-violation（驱动 1.0，候选 66，核 10）
    # 10 [语] [0.5,3,2.1,0.3,1] 预测lit=0.95 → 观察 {"lit":1,"brightness":3}  within-envelope（驱动 1.2，候选 72，核 10）
    # 11 [语] [0.9,2.1,2.1,0.3,1] 预测lit=0.95 → 观察 {"lit":1,"brightness":2.1999999999999997}  within-envelope（驱动 0.7，候选 78，核 10）
    # 12 [语] [0.5,1.2,2.1,0.3,1] 预测lit=0.95 → 观察 {"lit":1,"brightness":1.0749999999999997}  prediction-violation（驱动 0.6，候选 83，核 11）
    # 13 [语] [0.5,1.2,0.3,0.3,1] 预测lit=0.049999999999999996 → 观察 {"lit":1,"brightness":2.425}  prediction-violation（驱动 1.0，候选 88，核 12）
    # 14 [语] [0.5,1.2,1.2,0.3,1] 预测lit=0.95 → 观察 {"lit":1,"brightness":1.75}  within-envelope（驱动 1.3，候选 91，核 12）
    # 15 [语] [0.5,2.1,0.3,0.3,1] 预测lit=0.95 → 观察 {"lit":1,"brightness":3}  prediction-violation（驱动 0.7，候选 94，核 13）
    # 16 [语] [0.5,3,0.3,0.3,1] 预测lit=0.95 → 观察 {"lit":1,"brightness":3}  prediction-violation（驱动 1.1，候选 96，核 14）
    # 17 [语] [0.5,0.3,0.3,0.3,1] 预测lit=0.95 → 观察 {"lit":0,"brightness":0}  prediction-violation（驱动 1.4，候选 99，核 15）
    # 18 [语] [0.9,0.3,0.3,0.3,1] 预测lit=0.95 → 观察 {"lit":0,"brightness":0}  prediction-violation（驱动 1.0，候选 102，核 16）
    # 20 [语] [0.9,0.3,0.3,0.3,0.3] 预测lit=0.95 → 观察 {"lit":0,"brightness":0}  prediction-violation（驱动 0.7，候选 112，核 17）
    # 23 [语] [0.9,2.1,0.3,0.3,0.3] 预测lit=0.049999999999999996 → 观察 {"lit":1,"brightness":3}  prediction-violation（驱动 0.6，候选 129，核 18）
    # 25 [语] [0.9,2.1,0.3,0.3,1.7] 预测lit=0.049999999999999996 → 观察 {"lit":1,"brightness":3}  prediction-violation（驱动 0.7，候选 138，核 19）
    # 27 [语] [0.9,2.1,0.3,0.3,1] 预测lit=0.049999999999999996 → 观察 {"lit":1,"brightness":3}  prediction-violation（驱动 0.8，候选 147，核 20）
    # 29 [语] [0.1,2.1,0.3,0.3,1] 预测lit=0.95 → 观察 {"lit":0,"brightness":0}  prediction-violation（驱动 0.7，候选 151，核 21）
    # 34 [全] [0.9,1.2,2.1,0.3,1] 预测lit=∅ → 观察 {"lit":1,"brightness":1.0749999999999997}  unknown-change（驱动 2.0，候选 163，核 22） ◄── 概念形成完成
    # 86 [全] [0.5,1.2,3,1,1.7] 预测lit=0.95 → 观察 {"lit":1,"brightness":0.75}  prediction-violation（驱动 0.4，候选 273，核 69）
    # 89 [全] [0.5,2.1,3,1,1.7] 预测lit=0.95 → 观察 {"lit":1,"brightness":1.875}  prediction-violation（驱动 0.6，候选 281，核 71）
    # 92 [全] [0.5,2.1,3,0.3,1.7] 预测lit=0.95 → 观察 {"lit":1,"brightness":1.525}  prediction-violation（驱动 0.6，候选 284，核 72）
    # 93 [全] [0.5,2.1,3,0.3,1] 预测lit=0.95 → 观察 {"lit":1,"brightness":1.525}  prediction-violation（驱动 1.0，候选 284，核 73）
    # 94 [全] [0.9,2.1,3,0.3,1] 预测lit=0.95 → 观察 {"lit":1,"brightness":1.525}  prediction-violation（驱动 1.0，候选 283，核 74）
    # 98 [全] [0.9,2.1,3,1.7,1] 预测lit=0.9375 → 观察 {"lit":1,"brightness":2.225}  prediction-violation（驱动 0.5，候选 283，核 75）
    #100 [全] [0.5,2.1,3,1.7,1] 预测lit=0.95 → 观察 {"lit":1,"brightness":2.225}  prediction-violation（驱动 0.7，候选 284，核 76）
    #108 [全] [0.9,1.2,0.3,0.3,1.7] 预测lit=0.95 → 观察 {"lit":1,"brightness":2.425}  prediction-violation（驱动 0.4，候选 285，核 77）
    #110 [全] [0.5,3,3,1.7,1.7] 预测lit=0.95 → 观察 {"lit":1,"brightness":3}  prediction-violation（驱动 0.4，候选 283，核 79）
    #112 [全] [0.5,3,3,0.3,1.7] 预测lit=0.9458333333333334 → 观察 {"lit":1,"brightness":2.65}  prediction-violation（驱动 0.7，候选 282，核 80）
    #115 [全] [0.5,1.2,3,0.3,1.7] 预测lit=0.95 → 观察 {"lit":1,"brightness":0.4}  prediction-violation（驱动 0.6，候选 282，核 82）
    #116 [全] [0.9,1.2,3,0.3,1.7] 预测lit=0.95 → 观察 {"lit":1,"brightness":0.4}  prediction-violation（驱动 1.0，候选 282，核 83）
    …评分进度 96/432
    …评分进度 192/432
    …评分进度 288/432
    …评分进度 384/432
    self-taught 细粒度 115/130（88.5%）  粗粒度亮灭 98.5%
    gate-off    细粒度 162/162（100.0%）  粗粒度亮灭 100.0%
    heldout     细粒度 86/140（61.4%）  粗粒度亮灭 95.0%
    总计       细粒度 363/432（84.0%）  粗粒度 97.9%
