
── 种子 2 ──
终止：实验 106 次（穷举基线 288），规则核 106 条，耗时 1.9 分钟；判定：未知 6 / 偏差 36 / 符合 64
R2 发现的影响因素：[resistance,switch,temperature,voltage]（真值：[switch,voltage,resistance,temperature]，干扰 material 应缺席）
  轨迹（前 20 步 + 全部偏差）：
    #  0 [1,2,2,1,1] 预测 {} → 观察 {"lit":1,"brightness":2}  unknown-change（驱动 2.0，候选 0，核 1）
    #  1 [1,2,0,1,1] 预测 {"lit":1,"brightness":2} → 观察 {"lit":1,"brightness":3}  prediction-violation（驱动 2.0，候选 11，核 2）
    #  2 [1,2,0,2,1] 预测 {"lit":1,"brightness":3} → 观察 {"lit":1,"brightness":3}  within-envelope（驱动 2.6，候选 18，核 3）
    #  3 [1,2,1,1,1] 预测 {"lit":1,"brightness":2} → 观察 {"lit":1,"brightness":3}  prediction-violation（驱动 2.3，候选 25，核 4）
    #  4 [1,2,1,0,1] 预测 {"lit":1,"brightness":3} → 观察 {"lit":1,"brightness":2}  prediction-violation（驱动 2.6，候选 31，核 5）
    #  5 [1,2,1,2,1] 预测 {"lit":null,"brightness":null} → 观察 {"lit":1,"brightness":3}  unknown-change（驱动 2.9，候选 37，核 6）
    #  6 [1,2,3,0,1] 预测 {"lit":1,"brightness":2} → 观察 {"lit":1,"brightness":1}  prediction-violation（驱动 2.3，候选 42，核 7）
    #  7 [1,2,0,0,1] 预测 {"lit":null,"brightness":null} → 观察 {"lit":1,"brightness":3}  unknown-change（驱动 2.8，候选 47，核 8）
    #  8 [1,2,3,2,1] 预测 {"lit":null,"brightness":null} → 观察 {"lit":1,"brightness":2}  unknown-change（驱动 2.3，候选 52，核 9）
    #  9 [1,2,2,0,1] 预测 {"lit":null,"brightness":null} → 观察 {"lit":1,"brightness":2}  unknown-change（驱动 2.2，候选 57，核 10）
    # 10 [1,2,3,0,0] 预测 {"lit":1,"brightness":1} → 观察 {"lit":1,"brightness":1}  within-envelope（驱动 2.1，候选 62，核 11）
    # 11 [1,2,2,1,2] 预测 {"lit":1,"brightness":2} → 观察 {"lit":1,"brightness":2}  within-envelope（驱动 2.0，候选 66，核 12）
    # 12 [0,2,0,0,1] 预测 {"lit":1,"brightness":3} → 观察 {"lit":0,"brightness":0}  prediction-violation（驱动 2.0，候选 71，核 13）
    # 13 [0,2,3,0,1] 预测 {"lit":1,"brightness":1} → 观察 {"lit":0,"brightness":0}  prediction-violation（驱动 2.6，候选 75，核 14）
    # 14 [0,2,1,0,1] 预测 {"lit":1,"brightness":2} → 观察 {"lit":0,"brightness":0}  prediction-violation（驱动 2.9，候选 79，核 15）
    # 15 [0,2,1,2,1] 预测 {"lit":1,"brightness":3} → 观察 {"lit":0,"brightness":0}  prediction-violation（驱动 2.6，候选 83，核 16）
    # 16 [0,2,3,2,1] 预测 {"lit":1,"brightness":2} → 观察 {"lit":0,"brightness":0}  prediction-violation（驱动 2.8，候选 88，核 17）
    # 17 [0,2,2,2,1] 预测 {"lit":null,"brightness":null} → 观察 {"lit":0,"brightness":0}  unknown-change（驱动 2.9，候选 92，核 18）
    # 18 [0,0,3,2,1] 预测 {"lit":0,"brightness":0} → 观察 {"lit":0,"brightness":0}  within-envelope（驱动 2.3，候选 96，核 19）
    # 19 [0,1,3,2,1] 预测 {"lit":0,"brightness":0} → 观察 {"lit":0,"brightness":0}  within-envelope（驱动 2.1，候选 99，核 20）
    # 30 [1,1,1,1,1] 预测 {"lit":1,"brightness":3} → 观察 {"lit":1,"brightness":2}  prediction-violation（驱动 0.4，候选 128，核 31）
    # 31 [1,1,0,1,1] 预测 {"lit":1,"brightness":3} → 观察 {"lit":1,"brightness":2}  prediction-violation（驱动 1.0，候选 129，核 32）
    # 32 [1,1,2,1,1] 预测 {"lit":1,"brightness":2} → 观察 {"lit":1,"brightness":1}  prediction-violation（驱动 1.3，候选 130，核 33）
    # 33 [1,1,3,1,1] 预测 {"lit":1,"brightness":1} → 观察 {"lit":1,"brightness":0}  prediction-violation（驱动 1.4，候选 131，核 34）
    # 35 [1,3,3,1,1] 预测 {"lit":1,"brightness":0} → 观察 {"lit":1,"brightness":3}  prediction-violation（驱动 0.7，候选 133，核 36）
    # 36 [1,0,3,1,1] 预测 {"lit":1,"brightness":0} → 观察 {"lit":0,"brightness":0}  prediction-violation（驱动 1.1，候选 133，核 37）
    # 37 [1,0,2,1,1] 预测 {"lit":1,"brightness":2} → 观察 {"lit":0,"brightness":0}  prediction-violation（驱动 1.0，候选 133，核 38）
    # 38 [1,0,0,1,1] 预测 {"lit":1,"brightness":3} → 观察 {"lit":0,"brightness":0}  prediction-violation（驱动 1.3，候选 135，核 39）
    # 39 [1,0,1,1,1] 预测 {"lit":1,"brightness":3} → 观察 {"lit":0,"brightness":0}  prediction-violation（驱动 1.4，候选 137，核 40）
    # 40 [1,0,1,0,1] 预测 {"lit":1,"brightness":2} → 观察 {"lit":0,"brightness":0}  prediction-violation（驱动 1.0，候选 139，核 41）
    # 41 [1,0,1,2,1] 预测 {"lit":1,"brightness":3} → 观察 {"lit":0,"brightness":0}  prediction-violation（驱动 1.3，候选 139，核 42）
    # 42 [1,0,0,2,1] 预测 {"lit":1,"brightness":3} → 观察 {"lit":0,"brightness":0}  prediction-violation（驱动 1.1，候选 140，核 43）
    # 45 [1,0,0,0,1] 预测 {"lit":1,"brightness":3} → 观察 {"lit":0,"brightness":0}  prediction-violation（驱动 0.6，候选 142，核 46）
    # 49 [1,0,2,0,1] 预测 {"lit":1,"brightness":2} → 观察 {"lit":0,"brightness":0}  prediction-violation（驱动 0.5，候选 146，核 50）
    # 50 [1,0,3,0,1] 预测 {"lit":1,"brightness":1} → 观察 {"lit":0,"brightness":0}  prediction-violation（驱动 1.0，候选 146，核 51）
    # 51 [1,3,3,0,1] 预测 {"lit":1,"brightness":1} → 观察 {"lit":1,"brightness":2}  prediction-violation（驱动 1.0，候选 146，核 52）
    # 52 [1,1,3,0,1] 预测 {"lit":1,"brightness":1} → 观察 {"lit":1,"brightness":0}  prediction-violation（驱动 1.3，候选 146，核 53）
    # 53 [1,1,2,0,1] 预测 {"lit":1,"brightness":2} → 观察 {"lit":1,"brightness":0}  prediction-violation（驱动 1.1，候选 146，核 54）
    # 54 [1,1,1,0,1] 预测 {"lit":1,"brightness":2} → 观察 {"lit":1,"brightness":1}  prediction-violation（驱动 1.3，候选 147，核 55）
    # 55 [1,1,0,0,1] 预测 {"lit":1,"brightness":0} → 观察 {"lit":1,"brightness":2}  prediction-violation（驱动 1.4，候选 147，核 56）
    # 63 [1,0,3,2,1] 预测 {"lit":1,"brightness":2} → 观察 {"lit":0,"brightness":0}  prediction-violation（驱动 0.4，候选 156，核 64）
    # 65 [1,1,3,2,1] 预测 {"lit":1,"brightness":0} → 观察 {"lit":1,"brightness":1}  prediction-violation（驱动 0.7，候选 157，核 66）
    # 66 [1,3,3,2,1] 预测 {"lit":1,"brightness":2} → 观察 {"lit":1,"brightness":3}  prediction-violation（驱动 1.1，候选 157，核 67）
    # 77 [1,1,2,2,1] 预测 {"lit":1,"brightness":0} → 观察 {"lit":1,"brightness":1}  prediction-violation（驱动 0.4，候选 172，核 78）
    # 80 [1,1,1,2,1] 预测 {"lit":1,"brightness":1} → 观察 {"lit":1,"brightness":2}  prediction-violation（驱动 0.6，候选 171，核 81）
    # 81 [1,1,0,2,1] 预测 {"lit":1,"brightness":2} → 观察 {"lit":1,"brightness":3}  prediction-violation（驱动 1.1，候选 171，核 82）
    # 89 [0,3,0,1,1] 预测 {"lit":1,"brightness":3} → 观察 {"lit":0,"brightness":0}  prediction-violation（驱动 2.0，候选 173，核 90）
    …评分进度 48/288
    …评分进度 96/288
    …评分进度 144/288
    …评分进度 192/288
    …评分进度 240/288
    …评分进度 288/288
    self-taught     门控任务分 100.0%  严格联合 100.0%  粗粒度亮灭 100.0%  拒答 0.0%  常数基线 53.8%
    unseen-gate-off 门控任务分 100.0%  严格联合 100.0%  粗粒度亮灭 100.0%  拒答 0.0%  常数基线 100.0%
    unseen-gate-on  门控任务分 86.4%  严格联合 86.4%  粗粒度亮灭 100.0%  拒答 0.0%  常数基线 100.0%
    总计             门控任务分 97.2%  严格联合 97.2%  粗粒度 100.0%
