────────────────────────────────────────────────────────────────
神经化注意力（捕获判定 + 失配场 WTA 择焦）
────────────────────────────────────────────────────────────────
  t1 A 未知 → 写观察（核 无）
  t1 B 未知 → 写观察（核 无）
  t1 C 未知 → 写观察（核 无）
  t1 焦点 ∅ → A
  t10 A 偏差 → 写观察（核 13）
  t20 B 偏差 → 写观察（核 15）
  t20 焦点 A → B
  t30 A 偏差 → 写观察（核 7）
  t30 焦点 B → A
  t40 C 未知 → 写观察（核 无）
  t40 焦点 A → C
  t55 B 偏差 → 写观察（核 16）
  t55 焦点 C → B
  门控学习后准确率曲线：t60:80%

────────────────────────────────────────────────────────────────
公式控制器基线（历史 AttentionController + 容差分类）
────────────────────────────────────────────────────────────────
  t1 焦点 → B
  切换 5 次，抢占 5 次
