PLAN-009 seed=2, baseline=33f8b6a, source=3475761ac20352ea3b6bb32558e819d28c995e1b; fixed collection budgets A=64/B=40, action budgets A=14/B=8
A 4->6: actions=1,1 reached=true predict=12 BFS=2 random=true
A 7->3: actions=0,0,0,0 reached=true predict=8 BFS=4 random=false
A 6->2: actions=0,0,0,0 reached=true predict=8 BFS=4 random=false
A 3->5: actions=1,1 reached=true predict=10 BFS=2 random=false
A 1->4: actions=1,1,1 reached=true predict=8 BFS=3 random=true
A 5->6: actions=1 reached=true predict=12 BFS=1 random=true
A 0->4: actions=1,1,1,1 reached=true predict=8 BFS=4 random=true
A 5->4: actions=0 reached=true predict=2 BFS=1 random=true
A 3->1: actions=0,0 reached=true predict=4 BFS=2 random=true
A 4->2: actions=0,0 reached=true predict=4 BFS=2 random=true
A 6->7: actions=1 reached=true predict=14 BFS=1 random=true
A 7->6: actions=0 reached=true predict=2 BFS=1 random=true
A 3->0: actions=0,0,0 reached=true predict=6 BFS=3 random=false
A 1->0: actions=0 reached=true predict=2 BFS=1 random=true
A 5->3: actions=0,0 reached=true predict=4 BFS=2 random=false
A 2->7: actions=1,1,1,1,1 reached=true predict=14 BFS=5 random=false
A 2->3: actions=1 reached=true predict=6 BFS=1 random=true
A 4->3: actions=0 reached=true predict=2 BFS=1 random=true
A 7->4: actions=0,0,0 reached=true predict=6 BFS=3 random=true
A 2->6: actions=1,1,1,1 reached=true predict=12 BFS=4 random=false
A 3->2: actions=0 reached=true predict=2 BFS=1 random=true
A 4->7: actions=1,1,1 reached=true predict=14 BFS=3 random=false
A 1->5: actions=1,1,1,1 reached=true predict=10 BFS=4 random=true
A 6->5: actions=0 reached=true predict=2 BFS=1 random=true
A 1->2: actions=1 reached=true predict=4 BFS=1 random=true
A 1->6: actions=1,1,1,1,1 reached=true predict=12 BFS=5 random=false
A 6->0: actions=0,0,0,0,0,0 reached=true predict=12 BFS=6 random=false
A 3->7: actions=1,1,1,1 reached=true predict=14 BFS=4 random=true
A 6->1: actions=0,0,0,0,0 reached=true predict=10 BFS=5 random=false
A 1->7: actions=1,1,1,1,1,1 reached=true predict=14 BFS=6 random=false
A 4->1: actions=0,0,0 reached=true predict=6 BFS=3 random=false
A 0->1: actions=1 reached=true predict=2 BFS=1 random=true
A 0->7: actions=1,1,1,1,1,1,1 reached=true predict=14 BFS=7 random=false
A 0->5: actions=1,1,1,1,1 reached=true predict=10 BFS=5 random=true
A 0->3: actions=1,1,1 reached=true predict=6 BFS=3 random=true
A 7->1: actions=0,0,0,0,0,0 reached=true predict=12 BFS=6 random=false
A 0->2: actions=1,1 reached=true predict=4 BFS=2 random=true
A 7->2: actions=0,0,0,0,0 reached=true predict=10 BFS=5 random=false
A 2->0: actions=0,0 reached=true predict=4 BFS=2 random=false
A 3->6: actions=1,1,1 reached=true predict=12 BFS=3 random=true
A 6->4: actions=0,0 reached=true predict=4 BFS=2 random=true
A 7->0: actions=0,0,0,0,0,0,0 reached=true predict=14 BFS=7 random=false
A 5->0: actions=0,0,0,0,0 reached=true predict=10 BFS=5 random=false
A 2->5: actions=1,1,1 reached=true predict=10 BFS=3 random=false
A 1->3: actions=1,1 reached=true predict=6 BFS=2 random=true
A 5->1: actions=0,0,0,0 reached=true predict=8 BFS=4 random=false
A 0->6: actions=1,1,1,1,1,1 reached=true predict=12 BFS=6 random=false
A 5->2: actions=0,0,0 reached=true predict=6 BFS=3 random=false
A 7->5: actions=0,0 reached=true predict=4 BFS=2 random=true
A 3->4: actions=1 reached=true predict=8 BFS=1 random=true
A 4->5: actions=1 reached=true predict=10 BFS=1 random=true
A 6->3: actions=0,0,0 reached=true predict=6 BFS=3 random=true
A 4->0: actions=0,0,0,0 reached=true predict=8 BFS=4 random=false
A 2->1: actions=0 reached=true predict=2 BFS=1 random=false
A 2->4: actions=1,1 reached=true predict=8 BFS=2 random=true
A 5->7: actions=1,1 reached=true predict=14 BFS=2 random=true
A monitored 4->6: reached=true steps=2 replans=0
A monitored 7->3: reached=true steps=4 replans=0
A monitored 6->2: reached=true steps=4 replans=0
A monitored 3->5: reached=true steps=2 replans=0
A monitored 1->4: reached=true steps=3 replans=0
A monitored 5->6: reached=true steps=1 replans=0
A monitored 0->4: reached=true steps=4 replans=0
A monitored 5->4: reached=true steps=1 replans=0
A monitored 3->1: reached=true steps=2 replans=0
A monitored 4->2: reached=true steps=2 replans=0
A monitored 6->7: reached=true steps=1 replans=0
A monitored 7->6: reached=true steps=1 replans=0
A monitored 3->0: reached=true steps=3 replans=0
A monitored 1->0: reached=true steps=1 replans=0
A monitored 5->3: reached=true steps=2 replans=0
A monitored 2->7: reached=true steps=5 replans=0
A monitored 2->3: reached=true steps=1 replans=0
A monitored 4->3: reached=true steps=1 replans=0
A monitored 7->4: reached=true steps=3 replans=0
A monitored 2->6: reached=true steps=4 replans=0
A monitored 3->2: reached=true steps=1 replans=0
A monitored 4->7: reached=true steps=3 replans=0
A monitored 1->5: reached=true steps=4 replans=0
A monitored 6->5: reached=true steps=1 replans=0
A monitored 1->2: reached=true steps=1 replans=0
A monitored 1->6: reached=true steps=5 replans=0
A monitored 6->0: reached=true steps=6 replans=0
A monitored 3->7: reached=true steps=4 replans=0
A monitored 6->1: reached=true steps=5 replans=0
A monitored 1->7: reached=true steps=6 replans=0
A monitored 4->1: reached=true steps=3 replans=0
A monitored 0->1: reached=true steps=1 replans=0
A monitored 0->7: reached=true steps=7 replans=0
A monitored 0->5: reached=true steps=5 replans=0
A monitored 0->3: reached=true steps=3 replans=0
A monitored 7->1: reached=true steps=6 replans=0
A monitored 0->2: reached=true steps=2 replans=0
A monitored 7->2: reached=true steps=5 replans=0
A monitored 2->0: reached=true steps=2 replans=0
A monitored 3->6: reached=true steps=3 replans=0
A monitored 6->4: reached=true steps=2 replans=0
A monitored 7->0: reached=true steps=7 replans=0
A monitored 5->0: reached=true steps=5 replans=0
A monitored 2->5: reached=true steps=3 replans=0
A monitored 1->3: reached=true steps=2 replans=0
A monitored 5->1: reached=true steps=4 replans=0
A monitored 0->6: reached=true steps=6 replans=0
A monitored 5->2: reached=true steps=3 replans=0
A monitored 7->5: reached=true steps=2 replans=0
A monitored 3->4: reached=true steps=1 replans=0
A monitored 4->5: reached=true steps=1 replans=0
A monitored 6->3: reached=true steps=3 replans=0
A monitored 4->0: reached=true steps=4 replans=0
A monitored 2->1: reached=true steps=1 replans=0
A monitored 2->4: reached=true steps=2 replans=0
A monitored 5->7: reached=true steps=2 replans=0
B normal replan=true: reached=true, final=4, reason=goal-reached, replans=0, protocolSuccess=true
B closed-gate replan=true: reached=false, final=2, reason=no-known-route, replans=1, protocolSuccess=true
B displacement replan=true: reached=true, final=4, reason=goal-reached, replans=1, protocolSuccess=true
B closed-gate replan=false: reached=false, final=2, reason=chain-ended, replans=0, protocolSuccess=false
B displacement replan=false: reached=true, final=4, reason=goal-reached, replans=0, protocolSuccess=false
SUMMARY {"seed":2,"path":{"n":56,"reached":56,"reachRate":1,"successfulStepRatio":{"n":56,"min":1,"median":1,"p90":1,"max":1,"mean":1},"allStepRatio":{"n":56,"min":1,"median":1,"p90":1,"max":1,"mean":1},"predictCalls":{"n":56,"min":2,"median":8,"p90":14,"max":14,"mean":8},"randomReached":31,"randomReachRate":0.5535714285714286,"monitoredReached":56,"monitoredStepRatio":{"n":56,"min":1,"median":1,"p90":1,"max":1,"mean":1},"replans":0,"selectedFixedPointFraction":1},"chain":{"ordered":true,"noReverseDoor":true,"closedGate":true,"displacement":true,"replanPredictIncrements":[1,2],"noReplanClosedGateReached":false,"noReplanDisplacementReached":true,"noReplanFailureRate":0.5,"randomReached":30,"randomN":56},"isolation":{"pathUnchanged":16,"pathN":16,"pathHashEqual":true,"chainAllUnchanged":true},"predictions":{"calls":1131,"reasons":{"fixed-point":1131},"noQuietCandidate":0,"nonconverged":0,"nonconvergedRate":0,"anyOutputRefusalRate":0,"unknownDecodedRate":0,"ledgerMismatches":0,"maxLedgerError":4.263256414560601e-13,"statusMissing":0,"milliseconds":{"n":1131,"min":3.2762999999977183,"median":6.765300000000934,"p90":7.561299999999392,"max":35.20899999999892,"mean":7.0405425287356715}},"selectedFixedPointFraction":1,"totalMilliseconds":10462.076800000003}
ACCEPTANCE {"P1":true,"P2":true,"P3":true,"P4":true,"P5":true,"P6":true,"P7":true,"P8":true}
