════════════════════════════════════════════════════════════════
P1 群体编码+规则核：小球端到端（pop=4/档，核=4/规则）
════════════════════════════════════════════════════════════════
网络规模：条件 84 + 结果 24 + 核区 128×4（按需分配）= 620 神经元
  完整（G=3+否决，查询参与学习）：细粒度 68.1%，粗粒度 88.9%，错过墙门控 77.8%
  消融 断侧重（G=0，真断开）：细粒度 70.8%，粗粒度 83.3%，错过墙门控 66.7%
  消融 断否决（G=3，veto=false）：细粒度 72.9%，粗粒度 100.0%，错过墙门控 100.0%
  消融 双断：细粒度 70.8%，粗粒度 83.3%，错过墙门控 66.7%
  消融 无查询学习：细粒度 86.8%，粗粒度 100.0%，错过墙门控 100.0%

════════════════════════════════════════════════════════════════
P2 容量重跑（群体编码+规则核版）
════════════════════════════════════════════════════════════════

真理结构：mod-8（对抗性）
   E      taught 准确率     heldout 准确率
   8          100.0%           25.9%
  16          100.0%           39.6%
  24          100.0%           57.5%
  32          100.0%           64.1%
  48          100.0%           93.8%
  64          100.0%            0.0%

真理结构：平滑可加
   E      taught 准确率     heldout 准确率
   8          100.0%           49.1%
  16          100.0%           58.3%
  24          100.0%           71.3%
  32          100.0%           79.7%
  48          100.0%           96.9%
  64          100.0%            0.0%

容量版网络规模：条件 96 + 结果 32 + 核区 192×4 = 896 神经元
