════════════════════════════════════════════════════════════
S1 经验学习：容量与检出（簇大小 16，cue 25%）
════════════════════════════════════════════════════════════
  [learn 11ms]
  [detect 17ms]
  [capture×20 866ms]
  势阱数  20：检测势阱  20，检出率 100%，捕获完成率 100.0%，平均误激活 0.00 个
  [learn 2ms]
  [detect 32ms]
  [capture×50 1661ms]
  势阱数  50：检测势阱  50，检出率 100%，捕获完成率 100.0%，平均误激活 0.00 个
  [learn 4ms]
  [detect 35ms]
  [capture×100 3233ms]
  势阱数 100：检测势阱 100，检出率 100%，捕获完成率 100.0%，平均误激活 0.00 个

════════════════════════════════════════════════════════════
S2 链式生成：10 条不相交 5 节链（50 势阱），T=0.12 β=0.5 κ=0.7
════════════════════════════════════════════════════════════
  [learn-seq0 0ms]
  [chain0-s1 2407ms]
  链 0 seed=1：前缀 4/4 棒  事件[0→1,1→2,2→3,3→4]（簇序 0→1→2→3→4）
  [chain0-s2 1201ms]
  链 0 seed=2：前缀 4/4 棒  事件[0→1,1→2,2→3,3→4]（簇序 0→1→2→3→4）
  [chain0-s3 1136ms]
  链 0 seed=3：前缀 4/4 棒  事件[0→1,1→2,2→3,3→4]（簇序 0→1→2→3→4）
  [learn-seq1 0ms]
  [chain1-s1 1172ms]
  链 1 seed=1：前缀 4/4 棒  事件[5→6,6→7,7→8,8→9]（簇序 5→6→7→8→9）
  [chain1-s2 1175ms]
  链 1 seed=2：前缀 4/4 棒  事件[5→6,6→7,7→8,8→9]（簇序 5→6→7→8→9）
  [chain1-s3 1136ms]
  链 1 seed=3：前缀 4/4 棒  事件[5→6,6→7,7→8,8→9]（簇序 5→6→7→8→9）
  [learn-seq2 0ms]
  [chain2-s1 1157ms]
  链 2 seed=1：前缀 4/4 棒  事件[10→11,11→12,12→13,13→14]（簇序 10→11→12→13→14）
  [chain2-s2 1143ms]
  链 2 seed=2：前缀 4/4 棒  事件[10→11,11→12,12→13,13→14]（簇序 10→11→12→13→14）
  [chain2-s3 1171ms]
  链 2 seed=3：前缀 4/4 棒  事件[10→11,11→12,12→13,13→14]（簇序 10→11→12→13→14）
  [learn-seq3 0ms]
  [chain3-s1 1158ms]
  链 3 seed=1：前缀 4/4 棒  事件[15→16,16→17,17→18,18→19]（簇序 15→16→17→18→19）
  [chain3-s2 1149ms]
  链 3 seed=2：前缀 4/4 棒  事件[15→16,16→17,17→18,18→19]（簇序 15→16→17→18→19）
  [chain3-s3 1158ms]
  链 3 seed=3：前缀 4/4 棒  事件[15→16,16→17,17→18,18→19]（簇序 15→16→17→18→19）
  [learn-seq4 0ms]
  [chain4-s1 1183ms]
  链 4 seed=1：前缀 4/4 棒  事件[20→21,21→22,22→23,23→24]（簇序 20→21→22→23→24）
  [chain4-s2 1186ms]
  链 4 seed=2：前缀 4/4 棒  事件[20→21,21→22,22→23,23→24]（簇序 20→21→22→23→24）
  [chain4-s3 1177ms]
  链 4 seed=3：前缀 4/4 棒  事件[20→21,21→22,22→23,23→24]（簇序 20→21→22→23→24）
  [learn-seq5 0ms]
  [chain5-s1 1176ms]
  链 5 seed=1：前缀 4/4 棒  事件[25→26,26→27,27→28,28→29]（簇序 25→26→27→28→29）
  [chain5-s2 1167ms]
  链 5 seed=2：前缀 4/4 棒  事件[25→26,26→27,27→28,28→29]（簇序 25→26→27→28→29）
  [chain5-s3 2365ms]
  链 5 seed=3：前缀 4/4 棒  事件[25→26,26→27,27→28,28→29]（簇序 25→26→27→28→29）
  [learn-seq6 0ms]
  [chain6-s1 1154ms]
  链 6 seed=1：前缀 4/4 棒  事件[30→31,31→32,32→33,33→34]（簇序 30→31→32→33→34）
  [chain6-s2 1160ms]
  链 6 seed=2：前缀 4/4 棒  事件[30→31,31→32,32→33,33→34]（簇序 30→31→32→33→34）
  [chain6-s3 1134ms]
  链 6 seed=3：前缀 4/4 棒  事件[30→31,31→32,32→33,33→34]（簇序 30→31→32→33→34）
  [learn-seq7 0ms]
  [chain7-s1 1264ms]
  链 7 seed=1：前缀 4/4 棒  事件[35→36,36→37,37→38,38→39]（簇序 35→36→37→38→39）
  [chain7-s2 1264ms]
  链 7 seed=2：前缀 4/4 棒  事件[35→36,36→37,37→38,38→39]（簇序 35→36→37→38→39）
  [chain7-s3 1165ms]
  链 7 seed=3：前缀 4/4 棒  事件[35→36,36→37,37→38,38→39]（簇序 35→36→37→38→39）
  [learn-seq8 0ms]
  [chain8-s1 1196ms]
  链 8 seed=1：前缀 4/4 棒  事件[40→41,41→42,42→43,43→44]（簇序 40→41→42→43→44）
  [chain8-s2 1152ms]
  链 8 seed=2：前缀 4/4 棒  事件[40→41,41→42,42→43,43→44]（簇序 40→41→42→43→44）
  [chain8-s3 1160ms]
  链 8 seed=3：前缀 4/4 棒  事件[40→41,41→42,42→43,43→44]（簇序 40→41→42→43→44）
  [learn-seq9 0ms]
  [chain9-s1 1191ms]
  链 9 seed=1：前缀 4/4 棒  事件[45→46,46→47,47→48,48→49]（簇序 45→46→47→48→49）
  [chain9-s2 1151ms]
  链 9 seed=2：前缀 4/4 棒  事件[45→46,46→47,47→48,48→49]（簇序 45→46→47→48→49）
  [chain9-s3 1145ms]
  链 9 seed=3：前缀 4/4 棒  事件[45→46,46→47,47→48,48→49]（簇序 45→46→47→48→49）
  汇总：逐棒交接成功率 100.0%，完整链 30/30

════════════════════════════════════════════════════════════
S3 分支生成：共享起点 A，等强双通道 A→B / A→D + 抑制竞争（互斥概率选择）
════════════════════════════════════════════════════════════
  [branch-s1 1106ms]
  [branch-s2 1137ms]
  [branch-s3 1144ms]
  [branch-s4 1111ms]
  [branch-s5 1112ms]
  [branch-s6 1081ms]
  [branch-s7 1099ms]
  [branch-s8 1119ms]
  [branch-s9 1146ms]
  [branch-s10 1101ms]
  [branch-s11 1131ms]
  [branch-s12 1092ms]
  12 种子分布：B 胜=8，D 胜=4，共存=0，都无=0（互斥竞争：共存应≈0，胜负应均分）

════════════════════════════════════════════════════════════
S4 对照（N=2000 规模抽查）：无噪声 / 无驱动
════════════════════════════════════════════════════════════
  T=0：转移事件 0 个（期望 0）
  β=0：转移事件 0 个（期望 0）
