════════════════════════════════════════════════════════════════
C1 规则容量：预测准确率 vs 教学规则数 E（annealed 读出，无查询学习）
════════════════════════════════════════════════════════════════

真理结构：mod-8（对抗性，不可插值）
   E      taught 准确率     heldout 准确率     单查询ms
   8           75.0%            7.1%      1.59
  16           62.5%            7.3%      1.28
  24           41.7%            0.0%      1.33
  32           29.7%            0.0%      1.02
  48           21.9%            0.0%      1.01
  64           12.5%       N/A (n=0)      1.34

真理结构：平滑可加（out=min(7,f1+f2)）
   E      taught 准确率     heldout 准确率     单查询ms
   8           50.0%           20.5%      1.17
  16           56.3%           30.2%      1.36
  24           50.0%           46.3%      1.11
  32           60.9%           50.0%      1.11
  48           56.3%           56.3%      1.10
  64           56.3%       N/A (n=0)      1.33
参照 E=32 且 G=0（断侧重，mod-8）：总准确率 0.0%
C1 动力学与任一输出拒答（答案质量另列）：{"predictions":1664,"nonconverged":0,"anyOutputAbstained":398,"nonconvergedRate":0,"anyOutputAbstentionRate":0.23918269230769232,"terminationReasons":{"fixed-point":1664},"confidencePolicy":"converged-required"}
