════════════════════════════════════════════════════════════════
C1 规则容量：预测准确率 vs 教学规则数 E（annealed 读出，无查询学习）
════════════════════════════════════════════════════════════════

真理结构：mod-8（对抗性，不可插值）
   E      taught 准确率     heldout 准确率     单查询ms
   8           75.0%            7.1%      0.95
  16           62.5%            7.3%      0.78
  24           41.7%            0.0%      0.75
  32           29.7%            0.0%      0.83
  48           21.9%            0.0%      0.80
  64           12.5%       N/A (n=0)      0.69

真理结构：平滑可加（out=min(7,f1+f2)）
   E      taught 准确率     heldout 准确率     单查询ms
   8           50.0%           20.5%      0.82
  16           56.3%           30.2%      0.75
  24           50.0%           46.3%      0.68
  32           60.9%           50.0%      0.76
  48           56.3%           56.3%      0.70
  64           56.3%       N/A (n=0)      0.70
参照 E=32 且 G=0（断侧重，mod-8）：总准确率 0.0%
C1 动力学与任一输出拒答（答案质量另列）：{"predictions":1664,"nonconverged":0,"anyOutputAbstained":398,"nonconvergedRate":0,"anyOutputAbstentionRate":0.23918269230769232,"terminationReasons":{"fixed-point":1664},"confidencePolicy":"converged-required"}

════════════════════════════════════════════════════════════════
C2 装配容量：N=8000、16 神经元/势阱（资源侧上限扫描）
════════════════════════════════════════════════════════════════
     势阱数       检出率       捕获完成率      误激活      捕获ms/次
     100      100%      100.0%     0.00       596.1  [learn 5ms, detect 182ms] nonconverged=0/100; refusal=N/A (capture completion is reported)
     200      100%      100.0%     0.00       581.6  [learn 10ms, detect 211ms] nonconverged=0/200; refusal=N/A (capture completion is reported)
     400      100%      100.0%     0.00       592.0  [learn 43ms, detect 192ms] nonconverged=0/400; refusal=N/A (capture completion is reported)

日志已写入 runs/capacity-v1.log
