════════════════════════════════════════════════════════════════
C1 规则容量：预测准确率 vs 教学规则数 E（annealed 读出，无查询学习）
════════════════════════════════════════════════════════════════

真理结构：mod-8（对抗性，不可插值）
   E      taught 准确率     heldout 准确率     单查询ms
   8           75.0%            7.1%      1.53
  16           62.5%            7.3%      1.43
  24           41.7%            0.0%      1.55
  32           29.7%            0.0%      1.40
  48           21.9%            0.0%      1.26
  64           12.5%            0.0%      1.14

真理结构：平滑可加（out=min(7,f1+f2)）
   E      taught 准确率     heldout 准确率     单查询ms
   8           50.0%           20.5%      1.22
  16           56.3%           30.2%      0.98
  24           50.0%           46.3%      1.06
  32           60.9%           50.0%      1.40
  48           56.3%           56.3%      1.09
  64           56.3%            0.0%      1.20
参照 E=32 且 G=0（断侧重，mod-8）：总准确率 0.0%

════════════════════════════════════════════════════════════════
C2 装配容量：N=8000、16 神经元/势阱（资源侧上限扫描）
════════════════════════════════════════════════════════════════
     势阱数       检出率       捕获完成率      误激活      捕获ms/次
     100      100%      100.0%     0.00      1085.0  [learn 9ms, detect 298ms]
