TAP version 13
# Subtest: 容量：E=8 时教学规则高准确率（≥70%），E=64 时显著退化（≤30%），单调劣化
ok 1 - 容量：E=8 时教学规则高准确率（≥70%），E=64 时显著退化（≤30%），单调劣化
  ---
  duration_ms: 200.395
  type: 'test'
  ...
# Subtest: 容量：mod-8 真理下留出查询不可插值（heldout ≈ 0）
ok 2 - 容量：mod-8 真理下留出查询不可插值（heldout ≈ 0）
  ---
  duration_ms: 142.4473
  type: 'test'
  ...
# Subtest: R1：每次实验形成条件阱→结果阱的有向通道（单向），部分条件线索补全结果
ok 3 - R1：每次实验形成条件阱→结果阱的有向通道（单向），部分条件线索补全结果
  ---
  duration_ms: 10.7209
  type: 'test'
  ...
# Subtest: R2：神经差分提取正确的影响因素（双源 AND：结果无变化则无影响）
ok 4 - R2：神经差分提取正确的影响因素（双源 AND：结果无变化则无影响）
  ---
  duration_ms: 47.9051
  type: 'test'
  ...
# Subtest: 三层端到端：细粒度 ≥ 80%，粗粒度与错过墙门控 100%（与单网原型同水平）
ok 5 - 三层端到端：细粒度 ≥ 80%，粗粒度与错过墙门控 100%（与单网原型同水平）
  ---
  duration_ms: 157.162
  type: 'test'
  ...
# Subtest: 三层消融：G=0 断侧重后显著退化
ok 6 - 三层消融：G=0 断侧重后显著退化
  ---
  duration_ms: 221.7206
  type: 'test'
  ...
# Subtest: 新主题影响因素提取：品种/干扰不判影响，光照水量肥料温度判影响，虫害幅度最大
ok 7 - 新主题影响因素提取：品种/干扰不判影响，光照水量肥料温度判影响，虫害幅度最大
  ---
  duration_ms: 6.377
  type: 'test'
  ...
# Subtest: 新主题端到端：门控（虫害对照）100%，粗粒度存活 100%，细粒度 ≥ 65%
ok 8 - 新主题端到端：门控（虫害对照）100%，粗粒度存活 100%，细粒度 ≥ 65%
  ---
  duration_ms: 188.328
  type: 'test'
  ...
# Subtest: 新主题消融：G=0 时虫害门控显著退化（完整模型 100%，断侧重 ≤70%）
ok 9 - 新主题消融：G=0 时虫害门控显著退化（完整模型 100%，断侧重 ≤70%）
  ---
  duration_ms: 323.8458
  type: 'test'
  ...
# Subtest: 未见品种 × 已学生长条件仍可预测存活（干扰因素不丢规则适用性）
ok 10 - 未见品种 × 已学生长条件仍可预测存活（干扰因素不丢规则适用性）
  ---
  duration_ms: 3.3076
  type: 'test'
  ...
# Subtest: R2A/R2B：变化标志与变化数值分离，控制变量提取影响因素
ok 11 - R2A/R2B：变化标志与变化数值分离，控制变量提取影响因素
  ---
  duration_ms: 6.6845
  type: 'test'
  ...
# Subtest: 端到端：教学后粗粒度反弹预测 100%（含未见颜色），错过墙门控 100%
ok 12 - 端到端：教学后粗粒度反弹预测 100%（含未见颜色），错过墙门控 100%
  ---
  duration_ms: 145.639
  type: 'test'
  ...
# Subtest: 端到端：细粒度（含反弹速度档）准确率 ≥ 70%，且 G=0 消融显著更差
ok 13 - 端到端：细粒度（含反弹速度档）准确率 ≥ 70%，且 G=0 消融显著更差
  ---
  duration_ms: 190.7877
  type: 'test'
  ...
# Subtest: 读出消融：纯贪心读出产生歧义，退火竞争读出收敛单档
ok 14 - 读出消融：纯贪心读出产生歧义，退火竞争读出收敛单档
  ---
  duration_ms: 3.2723
  type: 'test'
  ...
# Subtest: 编码：未见颜色的神经元不参与任何已学连接（规则不因颜色丢失适用性）
ok 15 - 编码：未见颜色的神经元不参与任何已学连接（规则不因颜色丢失适用性）
  ---
  duration_ms: 4.3673
  type: 'test'
  ...
1..15
# tests 15
# suites 0
# pass 15
# fail 0
# cancelled 0
# skipped 0
# todo 0
# duration_ms 799.2191
