TAP version 13
# Subtest: 群体编码：编码/归属往返一致，部分线索在足够重复后补全群体
ok 1 - 群体编码：编码/归属往返一致，部分线索在足够重复后补全群体
  ---
  duration_ms: 9.6579
  type: 'test'
  ...
# Subtest: 群体+核端到端：静息合法域实测粗粒度 47/48、门控 23/24，细粒度保留下限
ok 2 - 群体+核端到端：静息合法域实测粗粒度 47/48、门控 23/24，细粒度保留下限
  ---
  duration_ms: 3421.5176
  type: 'test'
  ...
# Subtest: 规则核真 2×2：侧重只改变 W，否决只改变 Γ，完整课程四格不同
ok 3 - 规则核真 2×2：侧重只改变 W，否决只改变 Γ，完整课程四格不同
  ---
  duration_ms: 127.5446
  type: 'test'
  ...
# Subtest: 互斥从经验学习：新建网络无预置抑制，换对观察后才出现抑制边
ok 4 - 互斥从经验学习：新建网络无预置抑制，换对观察后才出现抑制边
  ---
  duration_ms: 0.7168
  type: 'test'
  ...
# Subtest: 侧重否决：记录有限预算门控边界，未见组合保留相似兜底
ok 5 - 侧重否决：记录有限预算门控边界，未见组合保留相似兜底
  ---
  duration_ms: 2275.1452
  type: 'test'
  ...
# Subtest: 未见颜色不触发否决（非影响通道无否决边，泛化保留）
ok 6 - 未见颜色不触发否决（非影响通道无否决边，泛化保留）
  ---
  duration_ms: 67.0148
  type: 'test'
  ...
# Subtest: 容量：mod-8 E=64 时否决制 taught ≥ 80%（此前 47.7%）
ok 7 - 容量：mod-8 E=64 时否决制 taught ≥ 80%（此前 47.7%）
  ---
  duration_ms: 8287.9674
  type: 'test'
  ...
1..7
# tests 7
# suites 0
# pass 7
# fail 0
# cancelled 0
# skipped 0
# todo 0
# duration_ms 14410.2677
