
> energy-network-sim@0.1.0 verify
> npm run build && npm test


> energy-network-sim@0.1.0 build
> tsc -p tsconfig.json


> energy-network-sim@0.1.0 test
> node --test dist/test/*.test.js

✔ 控制器：突变强度达阈立即抢占，未达阈不抢占 (5.4999ms)
✔ 控制器：迟滞边距 + 持续 tick——挑战者须连续占优才换焦 (1.3601ms)
✔ 控制器：近似平局选择是种子可复现的 (3.118ms)
✔ 监测器三类比对：符合 / 偏差 / 未知分开，未知不算预测错误 (0.5938ms)
✔ 监测器时序纪律：迟到预测不与已开始的变化配对 (0.4262ms)
✔ 等强双通道：每次运行互斥地只进入一个后继，且不偏向任何一方 (246.216ms)
✔ 不等强双通道：强通道赢多数，弱通道仍有少数获胜（概率性） (212.9941ms)
✔ 抑制项进入能量函数：同时激活两个竞争势阱要付出 Γ 惩罚 (1.0388ms)
✔ 容量：E=8 时教学规则高准确率（≥70%），E=64 时显著退化（≤30%），单调劣化 (259.9487ms)
✔ 容量：mod-8 真理下留出查询不可插值（heldout ≈ 0） (172.2603ms)
✔ 值区域成阱：速度维上检测出分离的值概念，且中心值覆盖课程值域 (52.7508ms)
✔ 同值区域可被部分线索补全（成阱的动力学证据） (40.2554ms)
✔ 替代值区域之间的边显著弱于同区域内部边（从不共激活的证据） (19.683ms)
✔ 替代值分离来自非共现（评审 A12 后删除死参数 presentSwap）：不同值区域分属不同概念 (17.6793ms)
✔ 概念索引：按中心值排序、population 接口与 PopChannelMap 同签名 (87.5991ms)
✔ resolve：课程内的值解析到概念，中间值由合并概念的边缘认领 (46.1886ms)
✔ 对齐报告：课程参照值全部解析到概念，分离区域的 IoU 高 (15.1382ms)
✔ 自形成端到端：粗粒度 ≥60%、细粒度 ≥25%、已见区域粗粒度 ≥85%（实测 63.3/46.7/87.5） (21007.1586ms)
✔ 自形成 R2：影响因素从场级档差提取（速度/刚度/碰墙有，颜色/阻尼/方向无） (226.2588ms)
✔ 自形成预测实例：错过墙查询反弹 ≈0，细分档或如实歧义但分布含真值簇 (575.7175ms)
✔ 编码：每个值激活约 6-8 个感受野神经元，量程外夹到边界 (3.2652ms)
✔ 相似性保持：近值 IoU 显著大于远值，且随距离单调下降 (1.6296ms)
✔ 整帧编码与反查：fieldOf 返回正确的维度与中心 (3.0689ms)
✔ 参数扫描：感受野数 20/40/80 均可编码且保持相似性 (0.7116ms)
✔ 要求1：静息不耗能——全静息能量为 0，静息→静息不计费 (3.8655ms)
✔ 要求2：从静息到激活耗能恰为 Ea (0.6019ms)
✔ 要求3：维持激活每步耗能 Em，k 步累计 k·Em (2.7158ms)
✔ 要求3补充：激活→静息当步不计维持能耗 (0.7408ms)
✔ 要求4：Ea > Em 强制成立，否则拒绝构造 (2.4221ms)
