TAP version 13
# Subtest: N01 strong observation must not be vetoed by weaker self-written guess
ok 1 - N01 strong observation must not be vetoed by weaker self-written guess
  ---
  duration_ms: 93.4557
  type: 'test'
  ...
# Subtest: N02 stationary truth can repair one intervening false guess
ok 2 - N02 stationary truth can repair one intervening false guess
  ---
  duration_ms: 27.9801
  type: 'test'
  ...
# Subtest: N03 identical sensory codes in static y=x must not erase each other
ok 3 - N03 identical sensory codes in static y=x must not erase each other
  ---
  duration_ms: 193.514
  type: 'test'
  ...
# Subtest: N04 repeated identical raw observations preserve continuous recall
ok 4 - N04 repeated identical raw observations preserve continuous recall
  ---
  duration_ms: 90.2903
  type: 'test'
  ...
# Subtest: N05 invalid Pop condition must not consume capacity
ok 5 - N05 invalid Pop condition must not consume capacity
  ---
  duration_ms: 3.5443
  type: 'test'
  ...
# Subtest: N06 invalid Pop outcome must not partially write a rule
ok 6 - N06 invalid Pop outcome must not partially write a rule
  ---
  duration_ms: 11.5108
  type: 'test'
  ...
# Subtest: N07 unknown Field outcome must leave memory unchanged on rejection
ok 7 - N07 unknown Field outcome must leave memory unchanged on rejection
  ---
  duration_ms: 12.1818
  type: 'test'
  ...
# Subtest: N08 multiple preallocated Field cores get pairwise exclusion on registration
ok 8 - N08 multiple preallocated Field cores get pairwise exclusion on registration
  ---
  duration_ms: 2.698
  type: 'test'
  ...
# Subtest: N09 invalid Hebbian batch is rejected before any edge is changed
ok 9 - N09 invalid Hebbian batch is rejected before any edge is changed
  ---
  duration_ms: 12.8733
  type: 'test'
  ...
# Subtest: N10 fractional anneal candidates must be rejected
ok 10 - N10 fractional anneal candidates must be rejected
  ---
  duration_ms: 1.4744
  type: 'test'
  ...
# Subtest: N11 nonfinite anneal level count must be rejected
ok 11 - N11 nonfinite anneal level count must be rejected
  ---
  duration_ms: 0.3695
  type: 'test'
  ...
# Subtest: N12 nonfinite anneal temperature must be rejected
ok 12 - N12 nonfinite anneal temperature must be rejected
  ---
  duration_ms: 0.469
  type: 'test'
  ...
# Subtest: N13 invalid anneal options must not mutate current state
ok 13 - N13 invalid anneal options must not mutate current state
  ---
  duration_ms: 8.35
  type: 'test'
  ...
# Subtest: N14 zero quench budget cannot execute a flip (or must reject)
ok 14 - N14 zero quench budget cannot execute a flip (or must reject)
  ---
  duration_ms: 1.5254
  type: 'test'
  ...
# Subtest: N15 negative directed-inhibition cap must not create excitation
ok 15 - N15 negative directed-inhibition cap must not create excitation
  ---
  duration_ms: 1.0373
  type: 'test'
  ...
# Subtest: N16 sensory NaN cannot silently encode as absent dimension
ok 16 - N16 sensory NaN cannot silently encode as absent dimension
  ---
  duration_ms: 0.8352
  type: 'test'
  ...
# Subtest: N17 discrete lab rejects fractional bins before charging cost
ok 17 - N17 discrete lab rejects fractional bins before charging cost
  ---
  duration_ms: 1.2138
  type: 'test'
  ...
# Subtest: N18 planner history getter must not expose mutable internal conditions
ok 18 - N18 planner history getter must not expose mutable internal conditions
  ---
  duration_ms: 1.4999
  type: 'test'
  ...
# Subtest: N19 returned auto-pairs must not mutate historical observations
ok 19 - N19 returned auto-pairs must not mutate historical observations
  ---
  duration_ms: 1.2008
  type: 'test'
  ...
# Subtest: N20 incomplete observations cannot allocate evidence-bearing Field rules
ok 20 - N20 incomplete observations cannot allocate evidence-bearing Field rules
  ---
  duration_ms: 1.976
  type: 'test'
  ...
# Subtest: N21 updated unseen metric includes both classes and constant baseline is nonperfect
ok 21 - N21 updated unseen metric includes both classes and constant baseline is nonperfect
  ---
  duration_ms: 2.8366
  type: 'test'
  ...
# Subtest: N22 weakened focus contract honestly flags multi-marker readout
ok 22 - N22 weakened focus contract honestly flags multi-marker readout
  ---
  duration_ms: 2.156
  type: 'test'
  ...
# Subtest: N23 valid integer DI networks preserve ledger and residual contract (200 randomized cases)
ok 23 - N23 valid integer DI networks preserve ledger and residual contract (200 randomized cases)
  ---
  duration_ms: 33.0514
  type: 'test'
  ...
# Subtest: N24 Explorer must not classify an explicitly nonconverged forecast as confident verification
ok 24 - N24 Explorer must not classify an explicitly nonconverged forecast as confident verification
  ---
  duration_ms: 10.9665
  type: 'test'
  ...
# Subtest: N25 Field public rule views cannot corrupt internal registration
ok 25 - N25 Field public rule views cannot corrupt internal registration
  ---
  duration_ms: 2.01
  type: 'test'
  ...
# Subtest: N26 nominally valid small population configuration recalls learned identity or is rejected
ok 26 - N26 nominally valid small population configuration recalls learned identity or is rejected
  ---
  duration_ms: 0.4022
  type: 'test'
  ...
# Subtest: N27 claimed excitation-off/veto-on factorial cell retains veto
ok 27 - N27 claimed excitation-off/veto-on factorial cell retains veto
  ---
  duration_ms: 4.4838
  type: 'test'
  ...
# Subtest: N28 capture cannot accept a contradicted forecast in a static unseen threshold region
not ok 28 - N28 capture cannot accept a contradicted forecast in a static unseen threshold region
  ---
  duration_ms: 65.3603
  type: 'test'
  location: 'D:\\kimi_kairos\\review2-validation\\tests\\review2-regressions.test.mjs:58:1'
  failureType: 'testCodeFailure'
  error: |-
    Expected values to be strictly equal:
    
    0.8 !== 0.2
    
  code: 'ERR_ASSERTION'
  name: 'AssertionError'
  expected: 0.2
  actual: 0.8
  operator: 'strictEqual'
  stack: |-
    TestContext.<anonymous> (file:///D:/kimi_kairos/review2-validation/tests/review2-regressions.test.mjs:60:87)
    Test.runInAsyncScope (node:async_hooks:228:14)
    Test.run (node:internal/test_runner/test:1118:25)
    Test.processPendingSubtests (node:internal/test_runner/test:787:18)
    Test.postRun (node:internal/test_runner/test:1247:19)
    Test.run (node:internal/test_runner/test:1175:12)
    async Test.processPendingSubtests (node:internal/test_runner/test:787:7)
  ...
# Subtest: N29 capture correctly accepts a matching forecast (positive control)
ok 29 - N29 capture correctly accepts a matching forecast (positive control)
  ---
  duration_ms: 21.306
  type: 'test'
  ...
1..29
# tests 29
# suites 0
# pass 28
# fail 1
# cancelled 0
# skipped 0
# todo 0
# duration_ms 863.8828
