TAP version 13
# Subtest: R01 DI accounting and reported residuals across 24 fresh random networks
ok 1 - R01 DI accounting and reported residuals across 24 fresh random networks
  ---
  duration_ms: 16.2405
  type: 'test'
  ...
# {"networks":24,"limited":0}
# Subtest: R02 explicit candidate freeze blocks a connected outside chain
ok 2 - R02 explicit candidate freeze blocks a connected outside chain
  ---
  duration_ms: 2.0513
  type: 'test'
  ...
# {"activeNeurons":[0],"energy":1.5,"trace":{"energies":[1.5],"flipCount":0,"driveWork":0},"converged":true,"terminationReason":"fixed-point","residualFlips":0,"candidateSet":[0],"initialEnergy":1.5,"annealEndEnergy":1.5,"proposals":0,"acceptedUphill":0}
# Subtest: R03 current documented peak-edge example is executable
ok 3 - R03 current documented peak-edge example is executable
  ---
  duration_ms: 2.8245
  type: 'test'
  ...
# {"wells":2}
# Subtest: R04 quiet-only fallback must not return an engaged driver when quiet state was visited
ok 4 - R04 quiet-only fallback must not return an engaged driver when quiet state was visited
  ---
  duration_ms: 0.9888
  type: 'test'
  ...
# {"activeNeurons":[0],"energy":1.5,"trace":{"energies":[1.5],"flipCount":0,"driveWork":0},"converged":false,"terminationReason":"quiet-constraint","residualFlips":1,"candidateSet":[0,1,2],"initialEnergy":1.5,"annealEndEnergy":1.5,"proposals":2,"acceptedUphill":0,"engaged":false,"visitedQuietState":[0],"quietEnergy":1.5}
# Subtest: R05 self-written guess cannot veto a previously confirmed observation
ok 5 - R05 self-written guess cannot veto a previously confirmed observation
  ---
  duration_ms: 27.3948
  type: 'test'
  ...
# {"decoded":{"y":0},"activeNeurons":[0,1,2,3,8,9,10,11,16,17,18,19],"energy":-3.1999999999999993,"converged":true,"terminationReason":"fixed-point"}
# Subtest: R06 repeated same-world truth must recover after an erroneous self-written guess
ok 6 - R06 repeated same-world truth must recover after an erroneous self-written guess
  ---
  duration_ms: 11.6844
  type: 'test'
  ...
# {"decoded":{"y":0},"activeNeurons":[0,1,2,3,8,9,10,11,16,17,18,19],"energy":-11.999999999999988,"converged":true,"terminationReason":"fixed-point"}
# Subtest: R07 field observations within identical receptive-field code cannot erase that code
ok 7 - R07 field observations within identical receptive-field code cannot erase that code
  ---
  duration_ms: 26.3256
  type: 'test'
  ...
# {"values":{"y":0.505},"distribution":{"y":[{"center":0.5,"count":8}]},"ambiguous":[],"activeNeurons":[4,5,6,7,8,9,10,11,56,57,58,59,60,61,62,63,80,81,82,83],"energy":-15.600000000000012,"winningCores":[0],"converged":true,"terminationReason":"fixed-point"}
# Subtest: R08 nearby but distinct inputs of a stationary function must retain a readable shared code
ok 8 - R08 nearby but distinct inputs of a stationary function must retain a readable shared code
  ---
  duration_ms: 40.1864
  type: 'test'
  ...
# {"rules":1,"a":{"y":0.505},"b":{"y":0.505}}
# Subtest: R09 invalid observation must not consume a rule slot or write weights
ok 9 - R09 invalid observation must not consume a rule slot or write weights
  ---
  duration_ms: 0.8455
  type: 'test'
  ...
# {"error":"channel y: bin NaN out of range [0, 2)","rules":0,"allocated":0,"conditionCoreWeight":0}
# Subtest: R10 sensory NaN must be rejected before registration
ok 10 - R10 sensory NaN must be rejected before registration
  ---
  duration_ms: 1.1943
  type: 'test'
  ...
# {"rejected":true,"rules":0}
# Subtest: R11 finite integer annealing options must be validated
ok 11 - R11 finite integer annealing options must be validated
  ---
  duration_ms: 1.5013
  type: 'test'
  ...
# {"accepted":[]}
# Subtest: R12 infinite levels must reject promptly (isolated child with 2.5s hard timeout)
ok 12 - R12 infinite levels must reject promptly (isolated child with 2.5s hard timeout)
  ---
  duration_ms: 177.2191
  type: 'test'
  ...
# {"result":"rejected"}
# Subtest: R13 zero quench budget must reject or perform zero quench flips
ok 13 - R13 zero quench budget must reject or perform zero quench flips
  ---
  duration_ms: 0.4114
  type: 'test'
  ...
# {"activeNeurons":[0],"energy":1.5,"trace":{"energies":[1.5,1.5],"flipCount":0,"driveWork":0},"converged":false,"terminationReason":"flip-budget","residualFlips":1,"candidateSet":[0],"initialEnergy":1.5,"annealEndEnergy":1.5,"proposals":0,"acceptedUphill":0}
# Subtest: R14 R2 unchanged outcomes across variable dimensions and population sizes
ok 14 - R14 R2 unchanged outcomes across variable dimensions and population sizes
  ---
  duration_ms: 10.9127
  type: 'test'
  ...
# {"checked":12}
# Subtest: R15 fractional rule capacity must be rejected at construction
ok 15 - R15 fractional rule capacity must be rejected at construction
  ---
  duration_ms: 0.5602
  type: 'test'
  ...
# {"rejected":true}
# Subtest: R16 separate excitation/veto ablation must include excitation-off veto-on cell
ok 16 - R16 separate excitation/veto ablation must include excitation-off veto-on cell
  ---
  duration_ms: 5.2378
  type: 'test'
  ...
# {"rows":[{"gain":0,"veto":false,"gamma":0},{"gain":0,"veto":true,"gamma":1.5},{"gain":0.3,"veto":false,"gamma":0},{"gain":0.3,"veto":true,"gamma":1.5}]}
# Subtest: R17 allocator rejects ordinary overflow without changing registered state
ok 17 - R17 allocator rejects ordinary overflow without changing registered state
  ---
  duration_ms: 1.1826
  type: 'test'
  ...
# {"n":1,"count":1,"after":1}
# Subtest: R18 actual observation can correct a prior wrong guess in the supported one-way order
ok 18 - R18 actual observation can correct a prior wrong guess in the supported one-way order
  ---
  duration_ms: 11.7985
  type: 'test'
  ...
# {"decoded":{"y":0},"activeNeurons":[0,1,2,3,8,9,10,11,16,17,18,19],"energy":-5.399999999999993,"converged":true,"terminationReason":"fixed-point"}
# Subtest: R19 field R2 outcome change detection must be invariant to pair reversal
ok 19 - R19 field R2 outcome change detection must be invariant to pair reversal
  ---
  duration_ms: 27.0276
  type: 'test'
  ...
# {"forward":{"undecidable":false,"outcomeChanged":true,"outcomeDelta":{"y":0.125},"conditionCommonNeurons":[],"diffChannels":["x"],"influentialChannels":["x"],"thetaHigh":7.6000000000000005},"reverse":{"undecidable":false,"outcomeChanged":true,"outcomeDelta":{"y":-0.125},"conditionCommonNeurons":[],"diffChannels":["x"],"influentialChannels":["x"],"thetaHigh":7.6000000000000005}}
# Subtest: R20 influence allocation and reverse observation order preserve registration identity
ok 20 - R20 influence allocation and reverse observation order preserve registration identity
  ---
  duration_ms: 91.9518
  type: 'test'
  ...
# {"rules":2,"a":{"y":0.09999999999999999},"b":{"y":0.9},"winning":[[1],[0]]}
1..20
# tests 20
# suites 0
# pass 20
# fail 0
# cancelled 0
# skipped 0
# todo 0
# duration_ms 701.2405
