✔ N01 strong observation must not be vetoed by weaker self-written guess (31.8477ms)
✔ N02 stationary truth can repair one intervening false guess (9.0769ms)
✔ N03 identical sensory codes in static y=x must not erase each other (93.7248ms)
✔ N04 repeated identical raw observations preserve continuous recall (57.891ms)
✖ N28 capture cannot accept a contradicted forecast in a static unseen threshold region (35.1488ms)
✔ N29 capture correctly accepts a matching forecast (positive control) (14.5244ms)
ℹ tests 6
ℹ suites 0
ℹ pass 5
ℹ fail 1
ℹ cancelled 0
ℹ skipped 0
ℹ todo 0
ℹ duration_ms 373.6078

✖ failing tests:

test at ..\review2-validation\tests\review2-regressions.test.mjs:58:1
✖ N28 capture cannot accept a contradicted forecast in a static unseen threshold region (35.1488ms)
  AssertionError [ERR_ASSERTION]: Expected values to be strictly equal:
  
  0.8 !== 0.2
  
      at TestContext.<anonymous> (file:///D:/kimi_kairos/review2-validation/tests/review2-regressions.test.mjs:60:87)
      at Test.runInAsyncScope (node:async_hooks:228:14)
      at Test.run (node:internal/test_runner/test:1118:25)
      at Test.processPendingSubtests (node:internal/test_runner/test:787:18) {
    generatedMessage: true,
    code: 'ERR_ASSERTION',
    actual: 0.8,
    expected: 0.2,
    operator: 'strictEqual',
    diff: 'simple'
  }
