✔ R09 invalid observation must not consume a rule slot or write weights (2.4302ms)
ℹ {"error":"channel y: bin NaN out of range [0, 2)","rules":0,"allocated":0,"conditionCoreWeight":0}
✔ R10 sensory NaN must be rejected before registration (1.396ms)
ℹ {"rejected":true,"rules":0}
✔ R11 finite integer annealing options must be validated (1.9078ms)
ℹ {"accepted":[]}
✔ R12 infinite levels must reject promptly (isolated child with 2.5s hard timeout) (135.5952ms)
ℹ {"result":"rejected"}
✔ R13 zero quench budget must reject or perform zero quench flips (1.049ms)
ℹ {"activeNeurons":[0],"energy":1.5,"trace":{"energies":[1.5,1.5],"flipCount":0,"driveWork":0},"converged":false,"terminationReason":"flip-budget","residualFlips":1,"candidateSet":[0],"initialEnergy":1.5,"annealEndEnergy":1.5,"proposals":0,"acceptedUphill":0}
✔ R15 fractional rule capacity must be rejected at construction (0.3277ms)
ℹ {"rejected":true}
✔ R17 allocator rejects ordinary overflow without changing registered state (2.9299ms)
ℹ {"n":1,"count":1,"after":1}
✔ R01 DI accounting and reported residuals across 24 fresh random networks (7.6626ms)
ℹ {"networks":24,"limited":0}
✔ R02 explicit candidate freeze blocks a connected outside chain (1.1706ms)
ℹ {"activeNeurons":[0],"energy":1.5,"trace":{"energies":[1.5],"flipCount":0,"driveWork":0},"converged":true,"terminationReason":"fixed-point","residualFlips":0,"candidateSet":[0],"initialEnergy":1.5,"annealEndEnergy":1.5,"proposals":0,"acceptedUphill":0}
✔ R03 current documented peak-edge example is executable (1.5914ms)
ℹ {"wells":2}
✔ R04 quiet-only fallback must not return an engaged driver when quiet state was visited (0.511ms)
ℹ {"activeNeurons":[0],"energy":1.5,"trace":{"energies":[1.5,1,0.5,3,1.5,1,0.5,3,1.5,1.5],"flipCount":10,"driveWork":-8},"converged":false,"terminationReason":"flip-budget","residualFlips":1,"candidateSet":[0,1,2],"initialEnergy":1.5,"annealEndEnergy":1.5,"proposals":2,"acceptedUphill":0,"engaged":false,"visitedQuietState":[0],"quietEnergy":1.5}
✔ R05 self-written guess cannot veto a previously confirmed observation (10.6308ms)
ℹ {"decoded":{"y":0},"activeNeurons":[0,1,2,3,8,9,10,11,16,17,18,19],"energy":-3.1999999999999993,"converged":true,"terminationReason":"fixed-point"}
✔ R06 repeated same-world truth must recover after an erroneous self-written guess (6.3164ms)
ℹ {"decoded":{"y":0},"activeNeurons":[0,1,2,3,8,9,10,11,16,17,18,19],"energy":-11.999999999999988,"converged":true,"terminationReason":"fixed-point"}
✔ R07 field observations within identical receptive-field code cannot erase that code (20.7018ms)
ℹ {"values":{"y":0.505},"distribution":{"y":[{"center":0.5,"count":8}]},"ambiguous":[],"activeNeurons":[4,5,6,7,8,9,10,11,56,57,58,59,60,61,62,63,80,81,82,83],"energy":-15.600000000000012,"winningCores":[0],"converged":true,"terminationReason":"fixed-point"}
✔ R08 nearby but distinct inputs of a stationary function must retain a readable shared code (30.6392ms)
ℹ {"rules":1,"a":{"y":0.505},"b":{"y":0.505}}
✔ R14 R2 unchanged outcomes across variable dimensions and population sizes (10.7825ms)
ℹ {"checked":12}
✔ R18 actual observation can correct a prior wrong guess in the supported one-way order (4.0508ms)
ℹ {"decoded":{"y":0},"activeNeurons":[0,1,2,3,8,9,10,11,16,17,18,19],"energy":-5.399999999999993,"converged":true,"terminationReason":"fixed-point"}
✔ R19 field R2 outcome change detection must be invariant to pair reversal (23.2314ms)
ℹ {"forward":{"undecidable":false,"outcomeChanged":true,"outcomeDelta":{"y":0.125},"conditionCommonNeurons":[],"diffChannels":["x"],"influentialChannels":["x"],"thetaHigh":7.6000000000000005},"reverse":{"undecidable":false,"outcomeChanged":true,"outcomeDelta":{"y":-0.125},"conditionCommonNeurons":[],"diffChannels":["x"],"influentialChannels":["x"],"thetaHigh":7.6000000000000005}}
✔ R20 influence allocation and reverse observation order preserve registration identity (27.1849ms)
ℹ {"rules":2,"a":{"y":0.09999999999999999},"b":{"y":0.9},"winning":[[1],[0]]}
✔ N01 strong observation must not be vetoed by weaker self-written guess (40.7441ms)
✔ N02 stationary truth can repair one intervening false guess (13.9666ms)
✔ N03 identical sensory codes in static y=x must not erase each other (117.8957ms)
✔ N04 repeated identical raw observations preserve continuous recall (59.7028ms)
✔ N05 invalid Pop condition must not consume capacity (1.2011ms)
✔ N06 invalid Pop outcome must not partially write a rule (1.3001ms)
✔ N07 unknown Field outcome must leave memory unchanged on rejection (5.2575ms)
✔ N08 multiple preallocated Field cores get pairwise exclusion on registration (1.7671ms)
✔ N09 invalid Hebbian batch is rejected before any edge is changed (0.353ms)
✔ N10 fractional anneal candidates must be rejected (0.4883ms)
✔ N11 nonfinite anneal level count must be rejected (0.2372ms)
✔ N12 nonfinite anneal temperature must be rejected (0.2577ms)
✔ N13 invalid anneal options must not mutate current state (0.3428ms)
✔ N14 zero quench budget cannot execute a flip (or must reject) (0.2795ms)
✔ N15 negative directed-inhibition cap must not create excitation (0.2518ms)
✔ N16 sensory NaN cannot silently encode as absent dimension (0.436ms)
✔ N17 discrete lab rejects fractional bins before charging cost (0.2525ms)
✔ N20 incomplete observations cannot allocate evidence-bearing Field rules (0.6414ms)
✔ N21 updated unseen metric includes both classes and constant baseline is nonperfect (0.909ms)
✔ N22 weakened focus contract honestly flags multi-marker readout (0.6679ms)
✔ N23 valid integer DI networks preserve ledger and residual contract (200 randomized cases) (11.8822ms)
✔ N24 Explorer must not classify an explicitly nonconverged forecast as confident verification (8.5601ms)
✔ N29 capture correctly accepts a matching forecast (positive control) (17.4087ms)
✔ N18 planner history getter must not expose mutable internal conditions (1.5146ms)
✔ N19 returned auto-pairs must not mutate historical observations (0.3872ms)
✔ N25 Field public rule views cannot corrupt internal registration (4.0682ms)
✔ N26 nominally valid small population configuration recalls learned identity or is rejected (0.5672ms)
✔ N27 claimed excitation-off/veto-on factorial cell retains veto (4.7185ms)
✔ F1 evidence sequence: truth-guess (42.4755ms)
✔ F1 evidence sequence: guess-truth (17.2651ms)
✔ F1 evidence sequence: truth-guess-truth (16.8177ms)
✔ F1 evidence sequence: partial (18.1608ms)
✔ F1 evidence sequence: truth-change-return (18.6952ms)
✔ F2 aliases aggregate equally, overlap survives, disjoint correction reverses (87.2878ms)
✔ F3 joint capture: matching, contradiction, novel result, partial conflict (102.3596ms)
✔ F3 unseen threshold correction uses independent memories for each seed (review N28) (113.5306ms)
✔ F3 cached value snapshot survives changed core semantics (25.6738ms)
✔ F4 no legal quiet candidate returns structured failure, symmetric decay conserves Γ (1.1517ms)
ℹ tests 57
ℹ suites 0
ℹ pass 57
ℹ fail 0
ℹ cancelled 0
ℹ skipped 0
ℹ todo 0
ℹ duration_ms 652.8775
