
── 种子 1 ──
终止：实验 300 次（语料相 12 + 全机器相 288；穷举基线 432），规则核 300 条，耗时 7.5 分钟；判定：未知 245 / 偏差 21 / 符合 34
  概念形成（由自己的实验史结晶）：
    switchPos   3 个概念，中心=[0.1, 0.5, 0.9]
    voltage     4 个概念，中心=[0.3, 1.2, 2.1, 2.85]
    resistance  4 个概念，中心=[0.3, 1.2, 2.1, 2.85]
    temperature 3 个概念，中心=[0.3, 1, 1.7]
    material    3 个概念，中心=[0.3, 1, 1.7]
    lit         2 个概念，中心=[0.05, 0.95]
    brightness  1 个概念，中心=[1.5]
  R2 发现的影响因素：[resistance,switchPos,temperature,voltage]（真值：[switchPos,voltage,resistance,temperature]，干扰 material 应缺席）
  轨迹（前 15 步 + 相切换 + 全部偏差）：
    #  0 [语] [0.5,2.1,2.1,1,1] 预测lit=∅ → 观察 {"lit":1,"brightness":2.55}  unknown-change（驱动 2.0，候选 0，核 1）
    #  1 [语] [0.5,2.1,2.1,0.3,1] 预测lit=0.95 → 观察 {"lit":1,"brightness":2.1999999999999997}  within-envelope（驱动 2.0，候选 12，核 2）
    #  2 [语] [0.1,2.1,2.1,0.3,1] 预测lit=0.95 → 观察 {"lit":0,"brightness":0}  prediction-violation（驱动 2.0，候选 21，核 3）
    #  3 [语] [0.1,1.2,2.1,0.3,1] 预测lit=0.95 → 观察 {"lit":0,"brightness":0}  prediction-violation（驱动 2.6，候选 29，核 4）
    #  4 [语] [0.1,0.3,2.1,0.3,1] 预测lit=0.049999999999999996 → 观察 {"lit":0,"brightness":0}  within-envelope（驱动 2.9，候选 36，核 5）
    #  5 [语] [0.1,3,2.1,0.3,1] 预测lit=0.95 → 观察 {"lit":0,"brightness":0}  prediction-violation（驱动 2.5，候选 43，核 6）
    #  6 [语] [0.9,3,2.1,0.3,1] 预测lit=0.049999999999999996 → 观察 {"lit":1,"brightness":3}  prediction-violation（驱动 2.6，候选 50，核 7）
    #  7 [语] [0.9,3,1.2,0.3,1] 预测lit=0.95 → 观察 {"lit":1,"brightness":3}  within-envelope（驱动 2.6，候选 56，核 8）
    #  8 [语] [0.9,3,2.1,1.7,1] 预测lit=0.95 → 观察 {"lit":1,"brightness":3}  within-envelope（驱动 2.3，候选 63，核 9）
    #  9 [语] [0.9,3,0.3,0.3,1] 预测lit=0.95 → 观察 {"lit":1,"brightness":3}  within-envelope（驱动 2.1，候选 70，核 10）
    # 10 [语] [0.9,3,3,0.3,1] 预测lit=0.95 → 观察 {"lit":1,"brightness":2.65}  within-envelope（驱动 2.1，候选 76，核 11）
    # 11 [语] [0.9,3,1.2,0.3,1.7] 预测lit=0.95 → 观察 {"lit":1,"brightness":3}  within-envelope（驱动 2.0，候选 82，核 12）
    # 12 [全] [0.1,0.3,1.2,0.3,1] 预测lit=0.049999999999999996 → 观察 {"lit":0,"brightness":0}  within-envelope（驱动 2.0，候选 88，核 13） ◄── 概念形成完成
    # 13 [全] [0.9,3,0.3,1.7,1] 预测lit=0.95 → 观察 {"lit":1,"brightness":3}  within-envelope（驱动 2.0，候选 92，核 14）
    # 14 [全] [0.1,2.1,2.1,1,1] 预测lit=0.049999999999999996 → 观察 {"lit":0,"brightness":0}  within-envelope（驱动 2.0，候选 98，核 15）
    # 32 [全] [0.9,2.1,3,1,1] 预测lit=0.95 → 观察 {"lit":1,"brightness":1.875}  prediction-violation（驱动 0.4，候选 163，核 33）
    # 33 [全] [0.9,3,3,1,1] 预测lit=0.95 → 观察 {"lit":1,"brightness":3}  prediction-violation（驱动 1.0，候选 167，核 34）
    # 34 [全] [0.9,1.2,3,1,1] 预测lit=0.95 → 观察 {"lit":1,"brightness":0.75}  prediction-violation（驱动 1.3，候选 169，核 35）
    # 35 [全] [0.9,0.3,3,1,1] 预测lit=0.95 → 观察 {"lit":0,"brightness":0}  prediction-violation（驱动 1.4，候选 173，核 36）
    # 36 [全] [0.5,0.3,3,1,1] 预测lit=0.95 → 观察 {"lit":0,"brightness":0}  prediction-violation（驱动 1.0，候选 177，核 37）
    # 38 [全] [0.5,1.2,3,1,1] 预测lit=0.95 → 观察 {"lit":1,"brightness":0.75}  prediction-violation（驱动 0.8，候选 185，核 39）
    # 53 [全] [0.5,0.3,0.3,1.7,1] 预测lit=0.95 → 观察 {"lit":0,"brightness":0}  prediction-violation（驱动 0.4，候选 228，核 54）
    # 54 [全] [0.5,0.3,0.3,0.3,1] 预测lit=0.95 → 观察 {"lit":0,"brightness":0}  prediction-violation（驱动 1.0，候选 229，核 55）
    # 56 [全] [0.9,0.3,0.3,0.3,1] 预测lit=0.95 → 观察 {"lit":0,"brightness":0}  prediction-violation（驱动 0.7，候选 230，核 57）
    # 59 [全] [0.9,0.3,0.3,1.7,1] 预测lit=0.95 → 观察 {"lit":0,"brightness":0}  prediction-violation（驱动 0.6，候选 233，核 60）
    # 64 [全] [0.9,1.2,2.1,1,1] 预测lit=0.95 → 观察 {"lit":1,"brightness":1.4249999999999998}  prediction-violation（驱动 0.4，候选 240，核 65）
    # 65 [全] [0.9,1.2,2.1,0.3,1] 预测lit=0.95 → 观察 {"lit":1,"brightness":1.0749999999999997}  prediction-violation（驱动 1.0，候选 241，核 66）
    # 66 [全] [0.9,1.2,2.1,1.7,1] 预测lit=0.95 → 观察 {"lit":1,"brightness":1.775}  prediction-violation（驱动 1.3，候选 242，核 67）
    # 67 [全] [0.9,1.2,0.3,1.7,1] 预测lit=0.95 → 观察 {"lit":1,"brightness":3}  prediction-violation（驱动 1.0，候选 243，核 68）
    # 69 [全] [0.5,1.2,0.3,1.7,1] 预测lit=0.049999999999999996 → 观察 {"lit":1,"brightness":3}  prediction-violation（驱动 0.7，候选 244，核 70）
    # 72 [全] [0.5,1.2,2.1,1.7,1] 预测lit=0.95 → 观察 {"lit":1,"brightness":1.775}  prediction-violation（驱动 0.6，候选 251，核 73）
    #114 [全] [0.9,1.2,1.2,0.3,0.3] 预测lit=0.95 → 观察 {"lit":1,"brightness":1.75}  prediction-violation（驱动 0.4，候选 288，核 115）
    …评分进度 96/432
    …评分进度 192/432
    …评分进度 288/432
    …评分进度 384/432
    self-taught     细粒度 299/300（99.7%）  粗粒度亮灭 100.0%  拒答 0.0%  常数基线 51.0%
    unseen-gate-off 细粒度 69/69（100.0%）  粗粒度亮灭 100.0%  拒答 0.0%  常数基线 100.0%
    unseen-gate-on  细粒度 62/63（98.4%）  粗粒度亮灭 100.0%  拒答 0.0%  常数基线 100.0%
    总计             细粒度 430/432（99.5%）  粗粒度 100.0%
动力学质量与任一输出拒答（本日志全部 predict 调用，含训练期；答案质量另列）：{"predictions":731,"nonconverged":657,"anyOutputAbstained":19,"nonconvergedRate":0.8987688098495212,"anyOutputAbstentionRate":0.025991792065663474,"terminationReasons":{"fixed-point":74,"quiet-constraint":657},"confidencePolicy":"converged-required"}
