
── 种子 3 ──
终止：实验 300 次（语料相 11 + 全机器相 289；穷举基线 432），规则核 300 条，耗时 5.1 分钟；判定：未知 261 / 偏差 10 / 符合 29
  概念形成（由自己的实验史结晶）：
    switchPos   3 个概念，中心=[0.1, 0.5, 0.9]
    voltage     4 个概念，中心=[0.3, 1.2, 2.1, 2.85]
    resistance  4 个概念，中心=[0.3, 1.2, 2.1, 2.85]
    temperature 3 个概念，中心=[0.3, 1, 1.7]
    material    3 个概念，中心=[0.3, 1, 1.7]
    lit         2 个概念，中心=[0.05, 0.95]
    brightness  1 个概念，中心=[1.5]
  R2 发现的影响因素：[resistance,switchPos,temperature,voltage]（真值：[switchPos,voltage,resistance,temperature]，干扰 material 应缺席）
  轨迹（前 15 步 + 相切换 + 全部偏差）：
    #  0 [语] [0.5,2.1,2.1,1,1] 预测lit=∅ → 观察 {"lit":1,"brightness":2.55}  unknown-change（驱动 2.0，候选 0，核 1）
    #  1 [语] [0.1,2.1,2.1,1,1] 预测lit=0.95 → 观察 {"lit":0,"brightness":0}  prediction-violation（驱动 2.0，候选 12，核 2）
    #  2 [语] [0.1,3,2.1,1,1] 预测lit=0.049999999999999996 → 观察 {"lit":0,"brightness":0}  within-envelope（驱动 2.6，候选 21，核 3）
    #  3 [语] [0.1,0.3,2.1,1,1] 预测lit=0.95 → 观察 {"lit":0,"brightness":0}  prediction-violation（驱动 2.3，候选 28，核 4）
    #  4 [语] [0.1,1.2,2.1,1,1] 预测lit=0.049999999999999996 → 观察 {"lit":0,"brightness":0}  within-envelope（驱动 2.8，候选 35，核 5）
    #  5 [语] [0.1,0.3,2.1,1.7,1] 预测lit=0.049999999999999996 → 观察 {"lit":0,"brightness":0}  within-envelope（驱动 2.3，候选 42，核 6）
    #  6 [语] [0.1,0.3,1.2,1,1] 预测lit=0.049999999999999996 → 观察 {"lit":0,"brightness":0}  within-envelope（驱动 2.1，候选 48，核 7）
    #  7 [语] [0.9,0.3,2.1,1,1] 预测lit=0.049999999999999996 → 观察 {"lit":0,"brightness":0}  within-envelope（驱动 2.1，候选 52，核 8）
    #  8 [语] [0.5,2.1,2.1,0.3,1] 预测lit=0.95 → 观察 {"lit":1,"brightness":2.1999999999999997}  within-envelope（驱动 2.0，候选 56，核 9）
    #  9 [语] [0.1,0.3,3,1,1] 预测lit=0.049999999999999996 → 观察 {"lit":0,"brightness":0}  within-envelope（驱动 2.0，候选 64，核 10）
    # 10 [语] [0.1,0.3,1.2,1,0.3] 预测lit=0.049999999999999996 → 观察 {"lit":0,"brightness":0}  within-envelope（驱动 2.0，候选 67，核 11）
    # 11 [全] [0.5,2.1,2.1,0.3,1.7] 预测lit=0.95 → 观察 {"lit":1,"brightness":2.1999999999999997}  within-envelope（驱动 2.0，候选 74，核 12） ◄── 概念形成完成
    # 12 [全] [0.1,3,0.3,1,1] 预测lit=0.049999999999999996 → 观察 {"lit":0,"brightness":0}  unknown-change（驱动 2.0，候选 82，核 13）
    # 13 [全] [0.1,0.3,1.2,0.3,1] 预测lit=∅ → 观察 {"lit":0,"brightness":0}  unknown-change（驱动 2.0，候选 87，核 14）
    # 14 [全] [0.5,2.1,2.1,1.7,1] 预测lit=∅ → 观察 {"lit":1,"brightness":2.9}  unknown-change（驱动 2.0，候选 93，核 15）
    # 20 [全] [0.9,2.1,0.3,0.3,1] 预测lit=0.95 → 观察 {"lit":1,"brightness":3}  prediction-violation（驱动 0.4，候选 122，核 21）
    # 34 [全] [0.5,0.3,2.1,1,1] 预测lit=0.95 → 观察 {"lit":0,"brightness":0}  prediction-violation（驱动 0.4，候选 171，核 35）
    # 35 [全] [0.5,3,2.1,1,1] 预测lit=0.95 → 观察 {"lit":1,"brightness":3}  prediction-violation（驱动 1.0，候选 173，核 36）
    # 38 [全] [0.5,0.3,1.2,0.3,1] 预测lit=0.95 → 观察 {"lit":0,"brightness":0}  prediction-violation（驱动 2.0，候选 182，核 39）
    # 72 [全] [0.9,2.1,3,1.7,1] 预测lit=0.95 → 观察 {"lit":1,"brightness":2.225}  prediction-violation（驱动 0.4，候选 279，核 73）
    # 73 [全] [0.9,2.1,3,1,1] 预测lit=0.95 → 观察 {"lit":1,"brightness":1.875}  prediction-violation（驱动 1.0，候选 279，核 74）
    # 86 [全] [0.9,1.2,0.3,1.7,1] 预测lit=0.95 → 观察 {"lit":1,"brightness":3}  prediction-violation（驱动 0.4，候选 282，核 87）
    # 92 [全] [0.9,1.2,2.1,1,1] 预测lit=0.95 → 观察 {"lit":1,"brightness":1.4249999999999998}  prediction-violation（驱动 0.4，候选 283，核 93）
    …评分进度 96/432
    …评分进度 192/432
    …评分进度 288/432
    …评分进度 384/432
    self-taught     细粒度 300/300（100.0%）  粗粒度亮灭 100.0%  拒答 0.0%  常数基线 52.0%
    unseen-gate-off 细粒度 60/60（100.0%）  粗粒度亮灭 100.0%  拒答 0.0%  常数基线 100.0%
    unseen-gate-on  细粒度 63/72（87.5%）  粗粒度亮灭 98.6%  拒答 0.0%  常数基线 100.0%
    总计             细粒度 423/432（97.9%）  粗粒度 99.8%
动力学质量与任一输出拒答（本日志全部 predict 调用，含训练期；答案质量另列）：{"predictions":731,"nonconverged":668,"anyOutputAbstained":24,"nonconvergedRate":0.9138166894664843,"anyOutputAbstentionRate":0.03283173734610123,"terminationReasons":{"fixed-point":63,"quiet-constraint":668},"confidencePolicy":"converged-required"}
