
── 种子 1 ──
终止：实验 288 次（穷举基线 288），规则核 288 条，耗时 4.7 分钟；判定：未知 176 / 偏差 16 / 符合 96
R2 发现的影响因素：[resistance,switch,temperature,voltage]（真值：[switch,voltage,resistance,temperature]，干扰 material 应缺席）
  轨迹（前 20 步 + 全部偏差）：
    #  0 [1,2,2,1,1] 预测 {} → 观察 {"lit":1,"brightness":2}  unknown-change（驱动 2.0，候选 0，核 1）
    #  1 [1,3,2,1,1] 预测 {"lit":1,"brightness":2} → 观察 {"lit":1,"brightness":3}  prediction-violation（驱动 2.0，候选 11，核 2）
    #  2 [1,3,2,2,1] 预测 {"lit":1,"brightness":3} → 观察 {"lit":1,"brightness":3}  within-envelope（驱动 2.6，候选 18，核 3）
    #  3 [1,1,2,1,1] 预测 {"lit":1,"brightness":2} → 观察 {"lit":1,"brightness":1}  prediction-violation（驱动 2.3，候选 25，核 4）
    #  4 [1,0,2,1,1] 预测 {"lit":1,"brightness":3} → 观察 {"lit":0,"brightness":0}  prediction-violation（驱动 2.8，候选 31，核 5）
    #  5 [1,0,0,1,1] 预测 {"lit":0,"brightness":0} → 观察 {"lit":0,"brightness":0}  within-envelope（驱动 2.6，候选 37，核 6）
    #  6 [1,0,2,0,1] 预测 {"lit":0,"brightness":0} → 观察 {"lit":0,"brightness":0}  within-envelope（驱动 2.3，候选 41，核 7）
    #  7 [1,0,3,1,1] 预测 {"lit":0,"brightness":0} → 观察 {"lit":0,"brightness":0}  within-envelope（驱动 2.1，候选 45，核 8）
    #  8 [1,0,1,1,1] 预测 {"lit":0,"brightness":0} → 观察 {"lit":0,"brightness":0}  within-envelope（驱动 2.1，候选 48，核 9）
    #  9 [0,3,2,1,1] 预测 {"lit":1,"brightness":3} → 观察 {"lit":0,"brightness":0}  prediction-violation（驱动 2.0，候选 51，核 10）
    # 10 [0,3,2,1,0] 预测 {"lit":0,"brightness":0} → 观察 {"lit":0,"brightness":0}  within-envelope（驱动 2.6，候选 56，核 11）
    # 11 [0,3,2,1,2] 预测 {"lit":0,"brightness":0} → 观察 {"lit":0,"brightness":0}  unknown-change（驱动 2.3，候选 63，核 12）
    # 12 [0,0,2,1,1] 预测 {"lit":0,"brightness":0} → 观察 {"lit":0,"brightness":0}  within-envelope（驱动 0.6，候选 70，核 13）
    # 13 [0,3,2,2,1] 预测 {"lit":0,"brightness":0} → 观察 {"lit":0,"brightness":0}  unknown-change（驱动 0.5，候选 70，核 14）
    # 14 [1,1,0,1,1] 预测 {"lit":1,"brightness":1} → 观察 {"lit":1,"brightness":2}  prediction-violation（驱动 0.4，候选 74，核 15）
    # 15 [1,1,1,1,1] 预测 {"lit":1,"brightness":1} → 观察 {"lit":1,"brightness":2}  prediction-violation（驱动 1.0，候选 78，核 16）
    # 16 [1,1,3,1,1] 预测 {"lit":1,"brightness":1} → 观察 {"lit":1,"brightness":0}  prediction-violation（驱动 1.3，候选 82，核 17）
    # 17 [1,1,3,1,0] 预测 {"lit":1,"brightness":0} → 观察 {"lit":1,"brightness":0}  within-envelope（驱动 1.0，候选 86，核 18）
    # 18 [1,2,3,1,1] 预测 {"lit":1,"brightness":2} → 观察 {"lit":1,"brightness":1}  prediction-violation（驱动 0.7，候选 90，核 19）
    # 19 [1,2,1,1,1] 预测 {"lit":1,"brightness":2} → 观察 {"lit":1,"brightness":3}  prediction-violation（驱动 1.1，候选 93，核 20）
    # 21 [1,2,0,1,1] 预测 {"lit":1,"brightness":2} → 观察 {"lit":1,"brightness":3}  prediction-violation（驱动 0.9，候选 99，核 22）
    # 36 [1,2,3,2,1] 预测 {"lit":1,"brightness":1} → 观察 {"lit":1,"brightness":2}  prediction-violation（驱动 0.4，候选 135，核 37）
    #105 [1,1,2,0,2] 预测 {"lit":1,"brightness":1} → 观察 {"lit":1,"brightness":0}  prediction-violation（驱动 0.4，候选 180，核 106）
    #108 [1,1,1,0,2] 预测 {"lit":1,"brightness":2} → 观察 {"lit":1,"brightness":1}  prediction-violation（驱动 0.6，候选 177，核 109）
    #112 [1,1,3,2,1] 预测 {"lit":1,"brightness":0} → 观察 {"lit":1,"brightness":1}  prediction-violation（驱动 0.4，候选 173，核 113）
    #113 [1,1,0,2,1] 预测 {"lit":1,"brightness":2} → 观察 {"lit":1,"brightness":3}  prediction-violation（驱动 1.0，候选 172，核 114）
    #162 [1,2,2,2,0] 预测 {"lit":1,"brightness":2} → 观察 {"lit":1,"brightness":3}  prediction-violation（驱动 0.4，候选 126，核 163）
    …评分进度 48/288
    …评分进度 96/288
    …评分进度 144/288
    …评分进度 192/288
    …评分进度 240/288
    …评分进度 288/288
    self-taught     门控任务分 100.0%  严格联合 100.0%  粗粒度亮灭 100.0%  拒答 0.0%  常数基线 62.5%
    unseen-gate-off 门控任务分 NaN%  严格联合 NaN%  粗粒度亮灭 NaN%  拒答 NaN%  常数基线 0.0%
    unseen-gate-on  门控任务分 NaN%  严格联合 NaN%  粗粒度亮灭 NaN%  拒答 NaN%  常数基线 0.0%
    总计             门控任务分 100.0%  严格联合 100.0%  粗粒度 100.0%
动力学质量与任一输出拒答（本日志全部 predict 调用，含训练期；答案质量另列）：{"predictions":575,"nonconverged":462,"anyOutputAbstained":1,"nonconvergedRate":0.8034782608695652,"anyOutputAbstentionRate":0.0017391304347826088,"terminationReasons":{"fixed-point":113,"quiet-constraint":462},"confidencePolicy":"converged-required"}
