
> energy-network-sim@0.1.0 verify
> npm run build && npm test


> energy-network-sim@0.1.0 build
> tsc -p tsconfig.json


> energy-network-sim@0.1.0 test
> node --test dist/test/*.test.js

✔ 控制器：突变强度达阈立即抢占，未达阈不抢占 (5.3495ms)
✔ 控制器：迟滞边距 + 持续 tick——挑战者须连续占优才换焦 (1.2261ms)
✔ 控制器：近似平局选择是种子可复现的 (2.9785ms)
✔ 监测器三类比对：符合 / 偏差 / 未知分开，未知不算预测错误 (0.9285ms)
✔ 监测器时序纪律：迟到预测不与已开始的变化配对 (1.8431ms)
✔ 等强双通道：每次运行互斥地只进入一个后继，且不偏向任何一方 (269.5082ms)
✔ 不等强双通道：强通道赢多数，弱通道仍有少数获胜（概率性） (657.3752ms)
✔ 抑制项进入能量函数：同时激活两个竞争势阱要付出 Γ 惩罚 (2.2159ms)
✔ 容量：E=8 时教学规则高准确率（≥70%），E=64 时显著退化（≤30%），单调劣化 (629.3643ms)
✔ 容量：mod-8 真理下留出查询不可插值（heldout ≈ 0） (731.9307ms)
✔ 值区域成阱：速度维上检测出分离的值概念，且中心值覆盖课程值域 (86.2443ms)
✔ 同值区域可被部分线索补全（成阱的动力学证据） (53.4779ms)
✔ 替代值区域之间的边显著弱于同区域内部边（从不共激活的证据） (17.0691ms)
✔ 替代值分离来自非共现（评审 A12 后删除死参数 presentSwap）：不同值区域分属不同概念 (24.5798ms)
✔ 概念索引：按中心值排序、population 接口与 PopChannelMap 同签名 (141.1155ms)
✔ resolve：课程内的值解析到概念，中间值由合并概念的边缘认领 (18.5591ms)
✔ 对齐报告：课程参照值全部解析到概念，分离区域的 IoU 高 (27.055ms)
✔ 自形成端到端：粗粒度 ≥60%、细粒度 ≥25%、已见区域粗粒度 ≥85%（实测 63.3/46.7/87.5） (75630.1373ms)
✔ 自形成 R2：影响因素从场级档差提取（速度/刚度/碰墙有，颜色/阻尼/方向无） (238.6836ms)
✔ 自形成预测实例：错过墙查询反弹 ≈0，细分档或如实歧义但分布含真值簇 (1481.3064ms)
✔ 编码：每个值激活约 6-8 个感受野神经元，量程外夹到边界 (2.9175ms)
✔ 相似性保持：近值 IoU 显著大于远值，且随距离单调下降 (0.7089ms)
✔ 整帧编码与反查：fieldOf 返回正确的维度与中心 (2.4816ms)
✔ 参数扫描：感受野数 20/40/80 均可编码且保持相似性 (0.5967ms)
✔ 要求1：静息不耗能——全静息能量为 0，静息→静息不计费 (8.5147ms)
✔ 要求2：从静息到激活耗能恰为 Ea (1.2385ms)
✔ 要求3：维持激活每步耗能 Em，k 步累计 k·Em (1.8583ms)
✔ 要求3补充：激活→静息当步不计维持能耗 (1.5158ms)
✔ 要求4：Ea > Em 强制成立，否则拒绝构造 (3.6709ms)
