════════════════════════════════════════════════════════════════
概念自形成：各维度的自形成值概念（中心值 / 成员数 / 内强度）
════════════════════════════════════════════════════════════════
  color          2 个：0.88(10) 4.20(28)
  speed          2 个：2.00(20) 6.50(9)
  direction      2 个：0.20(8) 0.80(8)
  wallStiffness  3 个：0.38(8) 1.09(11) 2.63(8)
  damping        2 个：0.20(8) 0.90(8)
  hitWall        2 个：0.05(4) 0.95(4)
  rebound        2 个：0.05(4) 0.95(4)
  reboundSpeed   2 个：1.20(24) 3.40(12)

════════════════════════════════════════════════════════════════
对齐报告（参照值 → 自形成概念，IoU）
════════════════════════════════════════════════════════════════
  speed=0.8 → 概念#0（中心 2.00） IoU=0.40
  speed=1.5 → 概念#0（中心 2.00） IoU=0.40
  speed=3.2 → 概念#0（中心 2.00） IoU=0.40
  speed=6.5 → 概念#1（中心 6.50） IoU=1.00
  wallStiffness=0.4 → 概念#0（中心 0.38） IoU=1.00
  wallStiffness=1 → 概念#1（中心 1.09） IoU=0.73
  wallStiffness=2.6 → 概念#2（中心 2.63） IoU=1.00
  hitWall=0 → 概念#0（中心 0.05） IoU=1.00
  hitWall=1 → 概念#1（中心 0.95） IoU=1.00
  全局影响因素=speed(0.029),wallStiffness(0.006),hitWall(0.136)

════════════════════════════════════════════════════════════════
预测评分（容差：反弹 exact；反弹速度 |Δ| ≤ 0.75）
════════════════════════════════════════════════════════════════
  miss-wall     细粒度 30/30（100.0%）  粗粒度 100.0%  歧义 0
  novel-combo   细粒度 3/7（42.9%）  粗粒度 100.0%  歧义 0
  novel-value   细粒度 12/15（80.0%）  粗粒度 100.0%  歧义 0
  seen-region   细粒度 6/8（75.0%）  粗粒度 100.0%  歧义 0
  总计：细粒度 51/60（85.0%），粗粒度 100.0%，如实歧义 0/60
  规则核数 26，网络规模 1090（感受野 320 + 核区）
动力学质量与任一输出拒答（本日志全部 predict 调用，含训练期；答案质量另列）：{"predictions":60,"nonconverged":29,"anyOutputAbstained":0,"nonconvergedRate":0.48333333333333334,"anyOutputAbstentionRate":0,"terminationReasons":{"quiet-constraint":29,"fixed-point":31},"confidencePolicy":"converged-required"}

日志已写入 runs/concept-formation-v1.log
