════════════════════════════════════════════════════════════════════════
M3 阶段 A 验收：陌生电路场景，零规则起步，自主控制变量探索
════════════════════════════════════════════════════════════════════════
网络：条件 64 + 结果 24 + 核区 384×4 + 池 2 = 1626 神经元（核按需分配）；动作空间 = Hamming-1 前沿（方法先验躯体化）；择选 = NeuralFocusNet WTA
真值影响因素：[switch,voltage,resistance,temperature]；干扰因素：material；门控：亮 = 闭合 AND 有压（合取，新形态）

── 种子 1 ──
终止：实验 288 次（穷举基线 288），规则核 288 条，耗时 4.7 分钟；判定：未知 176 / 偏差 16 / 符合 96
R2 发现的影响因素：[resistance,switch,temperature,voltage]（真值：[switch,voltage,resistance,temperature]，干扰 material 应缺席）
  轨迹（前 20 步 + 全部偏差）：
    #  0 [1,2,2,1,1] 预测 {} → 观察 {"lit":1,"brightness":2}  unknown-change（驱动 2.0，候选 0，核 1）
    #  1 [1,3,2,1,1] 预测 {"lit":1,"brightness":2} → 观察 {"lit":1,"brightness":3}  prediction-violation（驱动 2.0，候选 11，核 2）
    #  2 [1,3,2,2,1] 预测 {"lit":1,"brightness":3} → 观察 {"lit":1,"brightness":3}  within-envelope（驱动 2.6，候选 18，核 3）
    #  3 [1,1,2,1,1] 预测 {"lit":1,"brightness":2} → 观察 {"lit":1,"brightness":1}  prediction-violation（驱动 2.3，候选 25，核 4）
    #  4 [1,0,2,1,1] 预测 {"lit":1,"brightness":3} → 观察 {"lit":0,"brightness":0}  prediction-violation（驱动 2.8，候选 31，核 5）
    #  5 [1,0,0,1,1] 预测 {"lit":0,"brightness":0} → 观察 {"lit":0,"brightness":0}  within-envelope（驱动 2.6，候选 37，核 6）
    #  6 [1,0,2,0,1] 预测 {"lit":0,"brightness":0} → 观察 {"lit":0,"brightness":0}  within-envelope（驱动 2.3，候选 41，核 7）
    #  7 [1,0,3,1,1] 预测 {"lit":0,"brightness":0} → 观察 {"lit":0,"brightness":0}  within-envelope（驱动 2.1，候选 45，核 8）
    #  8 [1,0,1,1,1] 预测 {"lit":0,"brightness":0} → 观察 {"lit":0,"brightness":0}  within-envelope（驱动 2.1，候选 48，核 9）
    #  9 [0,3,2,1,1] 预测 {"lit":1,"brightness":3} → 观察 {"lit":0,"brightness":0}  prediction-violation（驱动 2.0，候选 51，核 10）
    # 10 [0,3,2,1,0] 预测 {"lit":0,"brightness":0} → 观察 {"lit":0,"brightness":0}  within-envelope（驱动 2.6，候选 56，核 11）
    # 11 [0,3,2,1,2] 预测 {"lit":0,"brightness":0} → 观察 {"lit":0,"brightness":0}  unknown-change（驱动 2.3，候选 63，核 12）
    # 12 [0,0,2,1,1] 预测 {"lit":0,"brightness":0} → 观察 {"lit":0,"brightness":0}  within-envelope（驱动 0.6，候选 70，核 13）
    # 13 [0,3,2,2,1] 预测 {"lit":0,"brightness":0} → 观察 {"lit":0,"brightness":0}  unknown-change（驱动 0.5，候选 70，核 14）
    # 14 [1,1,0,1,1] 预测 {"lit":1,"brightness":1} → 观察 {"lit":1,"brightness":2}  prediction-violation（驱动 0.4，候选 74，核 15）
    # 15 [1,1,1,1,1] 预测 {"lit":1,"brightness":1} → 观察 {"lit":1,"brightness":2}  prediction-violation（驱动 1.0，候选 78，核 16）
    # 16 [1,1,3,1,1] 预测 {"lit":1,"brightness":1} → 观察 {"lit":1,"brightness":0}  prediction-violation（驱动 1.3，候选 82，核 17）
    # 17 [1,1,3,1,0] 预测 {"lit":1,"brightness":0} → 观察 {"lit":1,"brightness":0}  within-envelope（驱动 1.0，候选 86，核 18）
    # 18 [1,2,3,1,1] 预测 {"lit":1,"brightness":2} → 观察 {"lit":1,"brightness":1}  prediction-violation（驱动 0.7，候选 90，核 19）
    # 19 [1,2,1,1,1] 预测 {"lit":1,"brightness":2} → 观察 {"lit":1,"brightness":3}  prediction-violation（驱动 1.1，候选 93，核 20）
    # 21 [1,2,0,1,1] 预测 {"lit":1,"brightness":2} → 观察 {"lit":1,"brightness":3}  prediction-violation（驱动 0.9，候选 99，核 22）
    # 36 [1,2,3,2,1] 预测 {"lit":1,"brightness":1} → 观察 {"lit":1,"brightness":2}  prediction-violation（驱动 0.4，候选 135，核 37）
    #105 [1,1,2,0,2] 预测 {"lit":1,"brightness":1} → 观察 {"lit":1,"brightness":0}  prediction-violation（驱动 0.4，候选 180，核 106）
    #108 [1,1,1,0,2] 预测 {"lit":1,"brightness":2} → 观察 {"lit":1,"brightness":1}  prediction-violation（驱动 0.6，候选 177，核 109）
    #112 [1,1,3,2,1] 预测 {"lit":1,"brightness":0} → 观察 {"lit":1,"brightness":1}  prediction-violation（驱动 0.4，候选 173，核 113）
    #113 [1,1,0,2,1] 预测 {"lit":1,"brightness":2} → 观察 {"lit":1,"brightness":3}  prediction-violation（驱动 1.0，候选 172，核 114）
    #162 [1,2,2,2,0] 预测 {"lit":1,"brightness":2} → 观察 {"lit":1,"brightness":3}  prediction-violation（驱动 0.4，候选 126，核 163）
    …评分进度 48/288
    …评分进度 96/288
    …评分进度 144/288
    …评分进度 192/288
    …评分进度 240/288
    …评分进度 288/288
    self-taught     门控任务分 100.0%  严格联合 100.0%  粗粒度亮灭 100.0%  拒答 0.0%  常数基线 62.5%
    unseen-gate-off 门控任务分 NaN%  严格联合 NaN%  粗粒度亮灭 NaN%  拒答 NaN%  常数基线 0.0%
    unseen-gate-on  门控任务分 NaN%  严格联合 NaN%  粗粒度亮灭 NaN%  拒答 NaN%  常数基线 0.0%
    总计             门控任务分 100.0%  严格联合 100.0%  粗粒度 100.0%
动力学质量与任一输出拒答（本日志全部 predict 调用，含训练期；答案质量另列）：{"predictions":575,"nonconverged":462,"anyOutputAbstained":1,"nonconvergedRate":0.8034782608695652,"anyOutputAbstentionRate":0.0017391304347826088,"terminationReasons":{"fixed-point":113,"quiet-constraint":462},"confidencePolicy":"converged-required"}

── 种子 2 ──
终止：实验 288 次（穷举基线 288），规则核 288 条，耗时 3.7 分钟；判定：未知 143 / 偏差 28 / 符合 117
R2 发现的影响因素：[resistance,switch,temperature,voltage]（真值：[switch,voltage,resistance,temperature]，干扰 material 应缺席）
  轨迹（前 20 步 + 全部偏差）：
    #  0 [1,2,2,1,1] 预测 {} → 观察 {"lit":1,"brightness":2}  unknown-change（驱动 2.0，候选 0，核 1）
    #  1 [1,2,0,1,1] 预测 {"lit":1,"brightness":2} → 观察 {"lit":1,"brightness":3}  prediction-violation（驱动 2.0，候选 11，核 2）
    #  2 [1,2,0,2,1] 预测 {"lit":1,"brightness":3} → 观察 {"lit":1,"brightness":3}  within-envelope（驱动 2.6，候选 18，核 3）
    #  3 [1,2,1,1,1] 预测 {"lit":1,"brightness":2} → 观察 {"lit":1,"brightness":3}  prediction-violation（驱动 2.3，候选 25，核 4）
    #  4 [1,2,1,0,1] 预测 {"lit":1,"brightness":3} → 观察 {"lit":1,"brightness":2}  prediction-violation（驱动 2.6，候选 31，核 5）
    #  5 [1,2,1,2,1] 预测 {"lit":null,"brightness":null} → 观察 {"lit":1,"brightness":3}  unknown-change（驱动 2.9，候选 37，核 6）
    #  6 [1,2,3,0,1] 预测 {"lit":1,"brightness":2} → 观察 {"lit":1,"brightness":1}  prediction-violation（驱动 2.3，候选 42，核 7）
    #  7 [1,2,0,0,1] 预测 {"lit":null,"brightness":null} → 观察 {"lit":1,"brightness":3}  unknown-change（驱动 2.8，候选 47，核 8）
    #  8 [1,2,3,2,1] 预测 {"lit":null,"brightness":null} → 观察 {"lit":1,"brightness":2}  unknown-change（驱动 2.3，候选 52，核 9）
    #  9 [1,2,2,0,1] 预测 {"lit":null,"brightness":null} → 观察 {"lit":1,"brightness":2}  unknown-change（驱动 2.2，候选 57，核 10）
    # 10 [1,2,3,0,0] 预测 {"lit":1,"brightness":1} → 观察 {"lit":1,"brightness":1}  within-envelope（驱动 2.1，候选 62，核 11）
    # 11 [1,2,2,1,2] 预测 {"lit":1,"brightness":2} → 观察 {"lit":1,"brightness":2}  within-envelope（驱动 2.0，候选 66，核 12）
    # 12 [0,2,0,0,1] 预测 {"lit":1,"brightness":3} → 观察 {"lit":0,"brightness":0}  prediction-violation（驱动 2.0，候选 71，核 13）
    # 13 [0,2,3,0,1] 预测 {"lit":1,"brightness":1} → 观察 {"lit":0,"brightness":0}  prediction-violation（驱动 2.6，候选 75，核 14）
    # 14 [0,2,1,0,1] 预测 {"lit":1,"brightness":2} → 观察 {"lit":0,"brightness":0}  prediction-violation（驱动 2.9，候选 79，核 15）
    # 15 [0,2,1,2,1] 预测 {"lit":1,"brightness":3} → 观察 {"lit":0,"brightness":0}  prediction-violation（驱动 2.6，候选 83，核 16）
    # 16 [0,2,3,2,1] 预测 {"lit":1,"brightness":2} → 观察 {"lit":0,"brightness":0}  prediction-violation（驱动 2.8，候选 88，核 17）
    # 17 [0,2,2,2,1] 预测 {"lit":0,"brightness":0} → 观察 {"lit":0,"brightness":0}  within-envelope（驱动 2.9，候选 92，核 18）
    # 18 [0,0,3,2,1] 预测 {"lit":0,"brightness":0} → 观察 {"lit":0,"brightness":0}  within-envelope（驱动 2.3，候选 96，核 19）
    # 19 [0,1,3,2,1] 预测 {"lit":0,"brightness":0} → 观察 {"lit":0,"brightness":0}  within-envelope（驱动 2.1，候选 99，核 20）
    # 30 [1,1,1,1,1] 预测 {"lit":1,"brightness":3} → 观察 {"lit":1,"brightness":2}  prediction-violation（驱动 0.4，候选 128，核 31）
    # 31 [1,1,0,1,1] 预测 {"lit":1,"brightness":3} → 观察 {"lit":1,"brightness":2}  prediction-violation（驱动 1.0，候选 129，核 32）
    # 33 [1,1,3,1,1] 预测 {"lit":1,"brightness":1} → 观察 {"lit":1,"brightness":0}  prediction-violation（驱动 0.8，候选 131，核 34）
    # 37 [1,0,3,1,1] 预测 {"lit":1,"brightness":0} → 观察 {"lit":0,"brightness":0}  prediction-violation（驱动 0.5，候选 132，核 38）
    # 38 [1,0,2,1,1] 预测 {"lit":1,"brightness":2} → 观察 {"lit":0,"brightness":0}  prediction-violation（驱动 1.0，候选 132，核 39）
    # 39 [1,0,1,1,1] 预测 {"lit":1,"brightness":3} → 观察 {"lit":0,"brightness":0}  prediction-violation（驱动 1.3，候选 134，核 40）
    # 40 [1,0,0,1,1] 预测 {"lit":1,"brightness":3} → 观察 {"lit":0,"brightness":0}  prediction-violation（驱动 1.4，候选 136，核 41）
    # 42 [1,0,0,2,1] 预测 {"lit":1,"brightness":3} → 观察 {"lit":0,"brightness":0}  prediction-violation（驱动 0.7，候选 140，核 43）
    # 43 [1,0,1,2,1] 预测 {"lit":1,"brightness":3} → 观察 {"lit":0,"brightness":0}  prediction-violation（驱动 1.1，候选 140，核 44）
    # 45 [1,1,1,2,1] 预测 {"lit":1,"brightness":3} → 观察 {"lit":1,"brightness":2}  prediction-violation（驱动 0.7，候选 143，核 46）
    # 49 [1,1,2,2,1] 预测 {"lit":1,"brightness":2} → 观察 {"lit":1,"brightness":1}  prediction-violation（驱动 0.5，候选 147，核 50）
    # 51 [1,3,2,2,1] 预测 {"lit":1,"brightness":1} → 观察 {"lit":1,"brightness":3}  prediction-violation（驱动 0.7，候选 146，核 52）
    # 52 [1,3,2,0,1] 预测 {"lit":1,"brightness":2} → 观察 {"lit":1,"brightness":3}  prediction-violation（驱动 1.0，候选 147，核 53）
    # 53 [1,3,2,1,1] 预测 {"lit":1,"brightness":2} → 观察 {"lit":1,"brightness":3}  prediction-violation（驱动 1.3，候选 148，核 54）
    # 80 [1,1,0,0,1] 预测 {"lit":1,"brightness":3} → 观察 {"lit":1,"brightness":2}  prediction-violation（驱动 0.4，候选 178，核 81）
    # 93 [1,1,2,0,1] 预测 {"lit":1,"brightness":2} → 观察 {"lit":1,"brightness":0}  prediction-violation（驱动 0.4，候选 180，核 94）
    #101 [1,3,1,0,0] 预测 {"lit":1,"brightness":2} → 观察 {"lit":1,"brightness":3}  prediction-violation（驱动 0.4，候选 177，核 102）
    #118 [1,2,2,2,1] 预测 {"lit":1,"brightness":2} → 观察 {"lit":1,"brightness":3}  prediction-violation（驱动 0.4，候选 169，核 119）
    #134 [1,3,3,0,0] 预测 {"lit":1,"brightness":3} → 观察 {"lit":1,"brightness":2}  prediction-violation（驱动 0.4，候选 153，核 135）
    …评分进度 48/288
    …评分进度 96/288
    …评分进度 144/288
    …评分进度 192/288
    …评分进度 240/288
    …评分进度 288/288
    self-taught     门控任务分 100.0%  严格联合 100.0%  粗粒度亮灭 100.0%  拒答 0.0%  常数基线 62.5%
    unseen-gate-off 门控任务分 NaN%  严格联合 NaN%  粗粒度亮灭 NaN%  拒答 NaN%  常数基线 0.0%
    unseen-gate-on  门控任务分 NaN%  严格联合 NaN%  粗粒度亮灭 NaN%  拒答 NaN%  常数基线 0.0%
    总计             门控任务分 100.0%  严格联合 100.0%  粗粒度 100.0%
动力学质量与任一输出拒答（本日志全部 predict 调用，含训练期；答案质量另列）：{"predictions":575,"nonconverged":426,"anyOutputAbstained":4,"nonconvergedRate":0.7408695652173913,"anyOutputAbstentionRate":0.006956521739130435,"terminationReasons":{"fixed-point":149,"quiet-constraint":426},"confidencePolicy":"converged-required"}

── 种子 3 ──
终止：实验 288 次（穷举基线 288），规则核 288 条，耗时 4.2 分钟；判定：未知 165 / 偏差 27 / 符合 96
R2 发现的影响因素：[resistance,switch,temperature,voltage]（真值：[switch,voltage,resistance,temperature]，干扰 material 应缺席）
  轨迹（前 20 步 + 全部偏差）：
    #  0 [1,2,2,1,1] 预测 {} → 观察 {"lit":1,"brightness":2}  unknown-change（驱动 2.0，候选 0，核 1）
    #  1 [1,0,2,1,1] 预测 {"lit":1,"brightness":2} → 观察 {"lit":0,"brightness":0}  prediction-violation（驱动 2.0，候选 11，核 2）
    #  2 [0,0,2,1,1] 预测 {"lit":0,"brightness":0} → 观察 {"lit":0,"brightness":0}  within-envelope（驱动 2.6，候选 18，核 3）
    #  3 [1,3,2,1,1] 预测 {"lit":0,"brightness":0} → 观察 {"lit":1,"brightness":3}  prediction-violation（驱动 2.3，候选 26，核 4）
    #  4 [1,1,2,1,1] 预测 {"lit":1,"brightness":2} → 观察 {"lit":1,"brightness":1}  prediction-violation（驱动 2.8，候选 32，核 5）
    #  5 [1,1,0,1,1] 预测 {"lit":1,"brightness":1} → 观察 {"lit":1,"brightness":2}  prediction-violation（驱动 2.6，候选 38，核 6）
    #  6 [1,1,3,1,1] 预测 {"lit":1,"brightness":1} → 观察 {"lit":1,"brightness":0}  prediction-violation（驱动 2.9，候选 42，核 7）
    #  7 [1,1,1,1,1] 预测 {"lit":1,"brightness":1} → 观察 {"lit":1,"brightness":2}  prediction-violation（驱动 3.0，候选 46，核 8）
    #  8 [1,1,1,0,1] 预测 {"lit":1,"brightness":2} → 观察 {"lit":1,"brightness":1}  prediction-violation（驱动 2.6，候选 50，核 9）
    #  9 [1,1,1,2,1] 预测 {"lit":1,"brightness":2} → 观察 {"lit":1,"brightness":2}  within-envelope（驱动 2.9，候选 55，核 10）
    # 10 [1,1,3,0,1] 预测 {"lit":null,"brightness":null} → 观察 {"lit":1,"brightness":0}  unknown-change（驱动 2.4，候选 60，核 11）
    # 11 [1,1,0,0,1] 预测 {"lit":1,"brightness":2} → 观察 {"lit":1,"brightness":2}  within-envelope（驱动 2.2，候选 65，核 12）
    # 12 [1,3,1,0,1] 预测 {"lit":null,"brightness":null} → 观察 {"lit":1,"brightness":3}  unknown-change（驱动 2.1，候选 70，核 13）
    # 13 [1,1,2,1,2] 预测 {"lit":1,"brightness":1} → 观察 {"lit":1,"brightness":1}  within-envelope（驱动 2.0，候选 72，核 14）
    # 14 [1,1,3,1,0] 预测 {"lit":1,"brightness":0} → 观察 {"lit":1,"brightness":0}  within-envelope（驱动 2.0，候选 74，核 15）
    # 15 [1,3,1,2,1] 预测 {"lit":null,"brightness":null} → 观察 {"lit":1,"brightness":3}  unknown-change（驱动 2.0，候选 78，核 16）
    # 16 [1,3,3,0,1] 预测 {"lit":null,"brightness":null} → 观察 {"lit":1,"brightness":2}  unknown-change（驱动 2.0，候选 82，核 17）
    # 17 [1,0,3,0,1] 预测 {"lit":null,"brightness":null} → 观察 {"lit":0,"brightness":0}  unknown-change（驱动 2.0，候选 84，核 18）
    # 18 [1,0,0,0,1] 预测 {"lit":null,"brightness":null} → 观察 {"lit":0,"brightness":0}  unknown-change（驱动 2.0，候选 87，核 19）
    # 19 [1,0,1,2,1] 预测 {"lit":null,"brightness":null} → 观察 {"lit":0,"brightness":0}  unknown-change（驱动 2.0，候选 90，核 20）
    # 32 [0,1,1,0,1] 预测 {"lit":1,"brightness":1} → 观察 {"lit":0,"brightness":0}  prediction-violation（驱动 0.4，候选 118，核 33）
    # 33 [0,1,1,2,1] 预测 {"lit":1,"brightness":2} → 观察 {"lit":0,"brightness":0}  prediction-violation（驱动 1.0，候选 120，核 34）
    # 34 [0,1,1,1,1] 预测 {"lit":1,"brightness":2} → 观察 {"lit":0,"brightness":0}  prediction-violation（驱动 1.3，候选 124，核 35）
    # 36 [0,1,3,1,1] 预测 {"lit":1,"brightness":0} → 观察 {"lit":0,"brightness":0}  prediction-violation（驱动 0.7，候选 128，核 37）
    # 37 [0,1,0,1,1] 预测 {"lit":1,"brightness":2} → 观察 {"lit":0,"brightness":0}  prediction-violation（驱动 1.1，候选 130，核 38）
    # 38 [0,1,2,1,1] 预测 {"lit":1,"brightness":1} → 观察 {"lit":0,"brightness":0}  prediction-violation（驱动 1.4，候选 133，核 39）
    # 40 [0,2,2,1,1] 预测 {"lit":1,"brightness":2} → 观察 {"lit":0,"brightness":0}  prediction-violation（驱动 0.7，候选 136，核 41）
    # 43 [0,3,2,1,1] 预测 {"lit":1,"brightness":3} → 观察 {"lit":0,"brightness":0}  prediction-violation（驱动 0.6，候选 141，核 44）
    # 51 [1,1,0,2,1] 预测 {"lit":1,"brightness":2} → 观察 {"lit":1,"brightness":3}  prediction-violation（驱动 0.4，候选 152，核 52）
    # 59 [0,2,3,0,1] 预测 {"lit":1,"brightness":1} → 观察 {"lit":0,"brightness":0}  prediction-violation（驱动 0.4，候选 163，核 60）
    # 60 [0,2,1,0,1] 预测 {"lit":1,"brightness":2} → 观察 {"lit":0,"brightness":0}  prediction-violation（驱动 1.0，候选 164，核 61）
    # 61 [0,2,0,0,1] 预测 {"lit":1,"brightness":3} → 观察 {"lit":0,"brightness":0}  prediction-violation（驱动 1.3，候选 165，核 62）
    # 74 [0,3,3,2,0] 预测 {"lit":1,"brightness":3} → 观察 {"lit":0,"brightness":0}  prediction-violation（驱动 0.4，候选 180，核 75）
    # 76 [0,3,1,2,0] 预测 {"lit":1,"brightness":3} → 观察 {"lit":0,"brightness":0}  prediction-violation（驱动 0.7，候选 188，核 77）
    # 81 [0,2,3,2,0] 预测 {"lit":1,"brightness":2} → 观察 {"lit":0,"brightness":0}  prediction-violation（驱动 0.4，候选 190，核 82）
    # 93 [1,2,2,2,2] 预测 {"lit":1,"brightness":2} → 观察 {"lit":1,"brightness":3}  prediction-violation（驱动 0.4，候选 189，核 94）
    #112 [1,1,2,0,1] 预测 {"lit":1,"brightness":1} → 观察 {"lit":1,"brightness":0}  prediction-violation（驱动 0.4，候选 174，核 113）
    #115 [1,2,1,1,1] 预测 {"lit":1,"brightness":2} → 观察 {"lit":1,"brightness":3}  prediction-violation（驱动 0.4，候选 171，核 116）
    #117 [1,2,3,1,1] 预测 {"lit":1,"brightness":2} → 观察 {"lit":1,"brightness":1}  prediction-violation（驱动 0.7，候选 171，核 118）
    #118 [1,2,0,1,1] 预测 {"lit":1,"brightness":2} → 观察 {"lit":1,"brightness":3}  prediction-violation（驱动 1.1，候选 170，核 119）
    …评分进度 48/288
    …评分进度 96/288
    …评分进度 144/288
    …评分进度 192/288
    …评分进度 240/288
    …评分进度 288/288
    self-taught     门控任务分 100.0%  严格联合 100.0%  粗粒度亮灭 100.0%  拒答 0.0%  常数基线 62.5%
    unseen-gate-off 门控任务分 NaN%  严格联合 NaN%  粗粒度亮灭 NaN%  拒答 NaN%  常数基线 0.0%
    unseen-gate-on  门控任务分 NaN%  严格联合 NaN%  粗粒度亮灭 NaN%  拒答 NaN%  常数基线 0.0%
    总计             门控任务分 100.0%  严格联合 100.0%  粗粒度 100.0%
动力学质量与任一输出拒答（本日志全部 predict 调用，含训练期；答案质量另列）：{"predictions":575,"nonconverged":433,"anyOutputAbstained":19,"nonconvergedRate":0.7530434782608696,"anyOutputAbstentionRate":0.03304347826086956,"terminationReasons":{"fixed-point":142,"quiet-constraint":433},"confidencePolicy":"converged-required"}

日志已写入 runs/explore-lab-seed*.log

日志已写入 runs/explore-lab-v1.log
