════════════════════════════════════════════════════════════════════════
概念更新验收：量程扩展场景（世界中途变大），冻结 vs 更新 对照
════════════════════════════════════════════════════════════════════════
设定：电压量程 [0,4.5] 从起始对编码器可见（感受野覆盖），但候选网格初始只到 3.0；一阶段最多 200 次实验后扩展候选值 [3.9,4.5]。
判据：更新系统应在扩展区结晶新概念并继续归因；冻结系统的概念层停滞、R2 对新对的电压通道失明。

── 模式 概念更新，种子 1 ──
一阶段终止：实验 200 次，形成 9 次，voltage 归因证据 94 对，因素=[resistance,switchPos,temperature,voltage]
  ◄── 量程扩展：voltage 新候选值 [3.9,4.5]
二阶段终止：实验 +200 次（共 400），形成 17 次，voltage 归因证据 94 → 330 对
  概念形成历史（voltage 概念中心）：
    第 1 次形成（实验后 #200）：[0.39, 1.24, 2.14, 3.04]
    第 2 次形成（实验后 #更新）：[0.39, 1.24, 2.14, 3.04]
    第 3 次形成（实验后 #更新）：[0.39, 1.24, 2.14, 3.04]
    第 4 次形成（实验后 #更新）：[0.39, 1.24, 2.14, 3.04]
    第 5 次形成（实验后 #更新）：[0.39, 1.24, 2.14, 3.04]
    第 6 次形成（实验后 #更新）：[0.39, 1.24, 2.14, 3.04]
    第 7 次形成（实验后 #更新）：[0.39, 1.24, 2.14, 3.04]
    第 8 次形成（实验后 #更新）：[0.39, 1.24, 2.14, 3.04]
    第 9 次形成（实验后 #更新）：[0.39, 1.24, 2.14, 3.04]
    第 10 次形成（实验后 #更新）：[0.39, 1.24, 2.14, 3.04, 4.28]
    第 11 次形成（实验后 #更新）：[0.39, 1.24, 2.14, 3.04, 3.99]
    第 12 次形成（实验后 #更新）：[0.39, 1.24, 2.14, 3.04, 3.99]
    第 13 次形成（实验后 #更新）：[0.39, 1.24, 2.14, 3.04, 3.99]
    第 14 次形成（实验后 #更新）：[0.39, 1.24, 2.14, 3.04, 3.99]
    第 15 次形成（实验后 #更新）：[0.39, 1.24, 2.14, 3.04, 3.99]
    第 16 次形成（实验后 #更新）：[0.39, 1.24, 2.14, 3.04, 3.99]
    第 17 次形成（实验后 #更新）：[0.39, 1.24, 2.14, 3.04, 3.99]
  最终影响因素：[resistance,switchPos,temperature,voltage]
  扩展区探针（216 个）：细粒度 216（100.0%）  粗粒度 216（100.0%）
  全网格（648 个）：细粒度 99.5%  粗粒度 100.0%
动力学质量与任一输出拒答（本日志全部 predict 调用，含训练期；答案质量另列）：{"predictions":1263,"nonconverged":1173,"anyOutputAbstained":19,"nonconvergedRate":0.9287410926365796,"anyOutputAbstentionRate":0.015043547110055424,"terminationReasons":{"fixed-point":90,"quiet-constraint":1173},"confidencePolicy":"converged-required"}

── 模式 冻结（对照），种子 1 ──
一阶段终止：实验 200 次，形成 1 次，voltage 归因证据 93 对，因素=[resistance,switchPos,temperature,voltage]
  ◄── 量程扩展：voltage 新候选值 [3.9,4.5]
二阶段终止：实验 +200 次（共 400），形成 1 次，voltage 归因证据 93 → 191 对
  概念形成历史（voltage 概念中心）：
    第 1 次形成（实验后 #200）：[0.39, 1.24, 2.14, 3.04]
  最终影响因素：[resistance,switchPos,temperature,voltage]
  扩展区探针（216 个）：细粒度 213（98.6%）  粗粒度 214（99.1%）
  全网格（648 个）：细粒度 98.6%  粗粒度 99.7%
动力学质量与任一输出拒答（本日志全部 predict 调用，含训练期；答案质量另列）：{"predictions":1263,"nonconverged":1174,"anyOutputAbstained":16,"nonconvergedRate":0.9295328582739509,"anyOutputAbstentionRate":0.012668250197941409,"terminationReasons":{"fixed-point":89,"quiet-constraint":1174},"confidencePolicy":"converged-required"}

日志已写入 runs/explore-ext-*.log
