════════════════════════════════════════════════════════════════
P1 群体编码+规则核：小球端到端（pop=4/档，核=4/规则）
════════════════════════════════════════════════════════════════
网络规模：条件 84 + 结果 24 + 核区 128×4（按需分配）= 620 神经元
  完整（G=3+否决，查询参与学习）：细粒度 83.3%，粗粒度 98.6%，错过墙门控 97.2%
  消融 断侧重（G=0，真断开）：细粒度 70.8%，粗粒度 83.3%，错过墙门控 66.7%
  消融 断否决（G=3，veto=false）：细粒度 70.1%，粗粒度 99.3%，错过墙门控 98.6%
  消融 双断：细粒度 63.9%，粗粒度 84.0%，错过墙门控 68.1%
  消融 无查询学习：细粒度 81.9%，粗粒度 97.2%，错过墙门控 94.4%

════════════════════════════════════════════════════════════════
P2 容量重跑（群体编码+规则核版）
════════════════════════════════════════════════════════════════

真理结构：mod-8（对抗性）
   E      taught 准确率     heldout 准确率
   8          100.0%           19.6%
  16          100.0%           31.3%
  24          100.0%           45.0%
  32          100.0%           64.1%
  48          100.0%           93.8%
  64          100.0%       N/A (n=0)

真理结构：平滑可加
   E      taught 准确率     heldout 准确率
   8           75.0%           46.4%
  16          100.0%           50.0%
  24           93.8%           66.3%
  32           96.9%           71.9%
  48           99.0%           96.9%
  64          100.0%       N/A (n=0)

容量版网络规模：条件 96 + 结果 32 + 核区 192×4 = 896 神经元
动力学质量与任一输出拒答（本日志全部 predict 调用，含训练期；答案质量另列）：{"predictions":2256,"nonconverged":45,"anyOutputAbstained":1,"nonconvergedRate":0.0199468085106383,"anyOutputAbstentionRate":0.0004432624113475177,"terminationReasons":{"fixed-point":2211,"quiet-constraint":45},"confidencePolicy":"converged-required"}

日志已写入 runs/pop-v1.log
